Archive member included because of file (symbol)

/Users/alexandrejouandin/pebble-dev/PebbleSDK-2.0.1/Pebble/lib/libpebble.a(tmpziGGmipebble.o)
                              src/sm_watchapp.c.23.o (animation_schedule)
/Users/alexandrejouandin/pebble-dev/PebbleSDK-2.0.1/arm-cs-tools/bin/../lib/gcc/arm-none-eabi/4.7.2/thumb2/libgcc.a(_arm_addsubdf3.o)
                              src/sm_watchapp.c.23.o (__aeabi_i2d)
/Users/alexandrejouandin/pebble-dev/PebbleSDK-2.0.1/arm-cs-tools/bin/../lib/gcc/arm-none-eabi/4.7.2/thumb2/libgcc.a(_arm_muldivdf3.o)
                              src/sm_watchapp.c.23.o (__aeabi_dmul)
/Users/alexandrejouandin/pebble-dev/PebbleSDK-2.0.1/arm-cs-tools/bin/../lib/gcc/arm-none-eabi/4.7.2/thumb2/libgcc.a(_arm_fixdfsi.o)
                              src/sm_watchapp.c.23.o (__aeabi_d2iz)

Allocating common symbols
Common symbol       size              file

battery_image       0x4               src/sm_watchapp.c.23.o
font_secs           0x4               src/sm_watchapp.c.23.o
weather_status_imgs
                    0x24              src/sm_watchapp.c.23.o
font_date           0x4               src/sm_watchapp.c.23.o
battery_pbl_image   0x4               src/sm_watchapp.c.23.o
font_time           0x4               src/sm_watchapp.c.23.o
appointment         0x4               src/sm_watchapp.c.23.o
bg_image            0x4               src/sm_watchapp.c.23.o

Discarded input sections

 .text          0x0000000000000000        0x0 /Users/alexandrejouandin/pebble-dev/PebbleSDK-2.0.1/arm-cs-tools/bin/../lib/gcc/arm-none-eabi/4.7.2/thumb2/crti.o
 .bss           0x0000000000000000        0x0 /Users/alexandrejouandin/pebble-dev/PebbleSDK-2.0.1/arm-cs-tools/bin/../lib/gcc/arm-none-eabi/4.7.2/thumb2/crti.o
 .init          0x0000000000000000        0x4 /Users/alexandrejouandin/pebble-dev/PebbleSDK-2.0.1/arm-cs-tools/bin/../lib/gcc/arm-none-eabi/4.7.2/thumb2/crti.o
 .fini          0x0000000000000000        0x4 /Users/alexandrejouandin/pebble-dev/PebbleSDK-2.0.1/arm-cs-tools/bin/../lib/gcc/arm-none-eabi/4.7.2/thumb2/crti.o
 .text          0x0000000000000000       0xc8 /Users/alexandrejouandin/pebble-dev/PebbleSDK-2.0.1/arm-cs-tools/bin/../lib/gcc/arm-none-eabi/4.7.2/thumb2/crtbegin.o
 .bss           0x0000000000000000       0x1c /Users/alexandrejouandin/pebble-dev/PebbleSDK-2.0.1/arm-cs-tools/bin/../lib/gcc/arm-none-eabi/4.7.2/thumb2/crtbegin.o
 .init_array    0x0000000000000000        0x4 /Users/alexandrejouandin/pebble-dev/PebbleSDK-2.0.1/arm-cs-tools/bin/../lib/gcc/arm-none-eabi/4.7.2/thumb2/crtbegin.o
 .fini_array    0x0000000000000000        0x4 /Users/alexandrejouandin/pebble-dev/PebbleSDK-2.0.1/arm-cs-tools/bin/../lib/gcc/arm-none-eabi/4.7.2/thumb2/crtbegin.o
 .eh_frame      0x0000000000000000        0x0 /Users/alexandrejouandin/pebble-dev/PebbleSDK-2.0.1/arm-cs-tools/bin/../lib/gcc/arm-none-eabi/4.7.2/thumb2/crtbegin.o
 .jcr           0x0000000000000000        0x0 /Users/alexandrejouandin/pebble-dev/PebbleSDK-2.0.1/arm-cs-tools/bin/../lib/gcc/arm-none-eabi/4.7.2/thumb2/crtbegin.o
 .tm_clone_table
                0x0000000000000000        0x0 /Users/alexandrejouandin/pebble-dev/PebbleSDK-2.0.1/arm-cs-tools/bin/../lib/gcc/arm-none-eabi/4.7.2/thumb2/crtbegin.o
 .text          0x0000000000000000        0x0 src/sm_watchapp.c.23.o
 .bss           0x0000000000000000        0x0 src/sm_watchapp.c.23.o
 .text.reset_sequence_number
                0x0000000000000000       0x24 src/sm_watchapp.c.23.o
 .text          0x0000000000000000        0x0 appinfo.auto.c.23.o
 .bss           0x0000000000000000        0x0 appinfo.auto.c.23.o
 .bss           0x0000000000000000        0x0 /Users/alexandrejouandin/pebble-dev/PebbleSDK-2.0.1/Pebble/lib/libpebble.a(tmpziGGmipebble.o)
 .text.accel_data_service_subscribe__deprecated
                0x0000000000000000        0xc /Users/alexandrejouandin/pebble-dev/PebbleSDK-2.0.1/Pebble/lib/libpebble.a(tmpziGGmipebble.o)
 .text.accel_data_service_unsubscribe
                0x0000000000000000        0xc /Users/alexandrejouandin/pebble-dev/PebbleSDK-2.0.1/Pebble/lib/libpebble.a(tmpziGGmipebble.o)
 .text.accel_service_peek
                0x0000000000000000        0xc /Users/alexandrejouandin/pebble-dev/PebbleSDK-2.0.1/Pebble/lib/libpebble.a(tmpziGGmipebble.o)
 .text.accel_service_set_samples_per_update
                0x0000000000000000        0xc /Users/alexandrejouandin/pebble-dev/PebbleSDK-2.0.1/Pebble/lib/libpebble.a(tmpziGGmipebble.o)
 .text.accel_service_set_sampling_rate
                0x0000000000000000        0xc /Users/alexandrejouandin/pebble-dev/PebbleSDK-2.0.1/Pebble/lib/libpebble.a(tmpziGGmipebble.o)
 .text.accel_tap_service_subscribe
                0x0000000000000000        0xc /Users/alexandrejouandin/pebble-dev/PebbleSDK-2.0.1/Pebble/lib/libpebble.a(tmpziGGmipebble.o)
 .text.accel_tap_service_unsubscribe
                0x0000000000000000        0xc /Users/alexandrejouandin/pebble-dev/PebbleSDK-2.0.1/Pebble/lib/libpebble.a(tmpziGGmipebble.o)
 .text.action_bar_layer_add_to_window
                0x0000000000000000        0xc /Users/alexandrejouandin/pebble-dev/PebbleSDK-2.0.1/Pebble/lib/libpebble.a(tmpziGGmipebble.o)
 .text.action_bar_layer_clear_icon
                0x0000000000000000        0xc /Users/alexandrejouandin/pebble-dev/PebbleSDK-2.0.1/Pebble/lib/libpebble.a(tmpziGGmipebble.o)
 .text.action_bar_layer_create
                0x0000000000000000        0xc /Users/alexandrejouandin/pebble-dev/PebbleSDK-2.0.1/Pebble/lib/libpebble.a(tmpziGGmipebble.o)
 .text.action_bar_layer_destroy
                0x0000000000000000        0xc /Users/alexandrejouandin/pebble-dev/PebbleSDK-2.0.1/Pebble/lib/libpebble.a(tmpziGGmipebble.o)
 .text.action_bar_layer_get_layer
                0x0000000000000000        0xc /Users/alexandrejouandin/pebble-dev/PebbleSDK-2.0.1/Pebble/lib/libpebble.a(tmpziGGmipebble.o)
 .text.action_bar_layer_remove_from_window
                0x0000000000000000        0xc /Users/alexandrejouandin/pebble-dev/PebbleSDK-2.0.1/Pebble/lib/libpebble.a(tmpziGGmipebble.o)
 .text.action_bar_layer_set_background_color
                0x0000000000000000        0xc /Users/alexandrejouandin/pebble-dev/PebbleSDK-2.0.1/Pebble/lib/libpebble.a(tmpziGGmipebble.o)
 .text.action_bar_layer_set_click_config_provider
                0x0000000000000000        0xc /Users/alexandrejouandin/pebble-dev/PebbleSDK-2.0.1/Pebble/lib/libpebble.a(tmpziGGmipebble.o)
 .text.action_bar_layer_set_context
                0x0000000000000000        0xc /Users/alexandrejouandin/pebble-dev/PebbleSDK-2.0.1/Pebble/lib/libpebble.a(tmpziGGmipebble.o)
 .text.action_bar_layer_set_icon
                0x0000000000000000        0xc /Users/alexandrejouandin/pebble-dev/PebbleSDK-2.0.1/Pebble/lib/libpebble.a(tmpziGGmipebble.o)
 .text.animation_create
                0x0000000000000000        0xc /Users/alexandrejouandin/pebble-dev/PebbleSDK-2.0.1/Pebble/lib/libpebble.a(tmpziGGmipebble.o)
 .text.animation_destroy
                0x0000000000000000        0xc /Users/alexandrejouandin/pebble-dev/PebbleSDK-2.0.1/Pebble/lib/libpebble.a(tmpziGGmipebble.o)
 .text.animation_get_context
                0x0000000000000000        0xc /Users/alexandrejouandin/pebble-dev/PebbleSDK-2.0.1/Pebble/lib/libpebble.a(tmpziGGmipebble.o)
 .text.animation_is_scheduled
                0x0000000000000000        0xc /Users/alexandrejouandin/pebble-dev/PebbleSDK-2.0.1/Pebble/lib/libpebble.a(tmpziGGmipebble.o)
 .text.animation_set_curve
                0x0000000000000000        0xc /Users/alexandrejouandin/pebble-dev/PebbleSDK-2.0.1/Pebble/lib/libpebble.a(tmpziGGmipebble.o)
 .text.animation_set_delay
                0x0000000000000000        0xc /Users/alexandrejouandin/pebble-dev/PebbleSDK-2.0.1/Pebble/lib/libpebble.a(tmpziGGmipebble.o)
 .text.animation_set_duration
                0x0000000000000000        0xc /Users/alexandrejouandin/pebble-dev/PebbleSDK-2.0.1/Pebble/lib/libpebble.a(tmpziGGmipebble.o)
 .text.animation_set_handlers
                0x0000000000000000        0xc /Users/alexandrejouandin/pebble-dev/PebbleSDK-2.0.1/Pebble/lib/libpebble.a(tmpziGGmipebble.o)
 .text.animation_set_implementation
                0x0000000000000000        0xc /Users/alexandrejouandin/pebble-dev/PebbleSDK-2.0.1/Pebble/lib/libpebble.a(tmpziGGmipebble.o)
 .text.animation_unschedule
                0x0000000000000000        0xc /Users/alexandrejouandin/pebble-dev/PebbleSDK-2.0.1/Pebble/lib/libpebble.a(tmpziGGmipebble.o)
 .text.animation_unschedule_all
                0x0000000000000000        0xc /Users/alexandrejouandin/pebble-dev/PebbleSDK-2.0.1/Pebble/lib/libpebble.a(tmpziGGmipebble.o)
 .text.app_comm_get_sniff_interval
                0x0000000000000000        0xc /Users/alexandrejouandin/pebble-dev/PebbleSDK-2.0.1/Pebble/lib/libpebble.a(tmpziGGmipebble.o)
 .text.app_comm_set_sniff_interval
                0x0000000000000000        0xc /Users/alexandrejouandin/pebble-dev/PebbleSDK-2.0.1/Pebble/lib/libpebble.a(tmpziGGmipebble.o)
 .text.app_sync_deinit
                0x0000000000000000        0xc /Users/alexandrejouandin/pebble-dev/PebbleSDK-2.0.1/Pebble/lib/libpebble.a(tmpziGGmipebble.o)
 .text.app_sync_get
                0x0000000000000000        0xc /Users/alexandrejouandin/pebble-dev/PebbleSDK-2.0.1/Pebble/lib/libpebble.a(tmpziGGmipebble.o)
 .text.app_sync_init
                0x0000000000000000        0xc /Users/alexandrejouandin/pebble-dev/PebbleSDK-2.0.1/Pebble/lib/libpebble.a(tmpziGGmipebble.o)
 .text.app_sync_set
                0x0000000000000000        0xc /Users/alexandrejouandin/pebble-dev/PebbleSDK-2.0.1/Pebble/lib/libpebble.a(tmpziGGmipebble.o)
 .text.app_timer_reschedule
                0x0000000000000000        0xc /Users/alexandrejouandin/pebble-dev/PebbleSDK-2.0.1/Pebble/lib/libpebble.a(tmpziGGmipebble.o)
 .text.atan2_lookup
                0x0000000000000000        0xc /Users/alexandrejouandin/pebble-dev/PebbleSDK-2.0.1/Pebble/lib/libpebble.a(tmpziGGmipebble.o)
 .text.atoi     0x0000000000000000        0xc /Users/alexandrejouandin/pebble-dev/PebbleSDK-2.0.1/Pebble/lib/libpebble.a(tmpziGGmipebble.o)
 .text.atol     0x0000000000000000        0xc /Users/alexandrejouandin/pebble-dev/PebbleSDK-2.0.1/Pebble/lib/libpebble.a(tmpziGGmipebble.o)
 .text.bitmap_layer_set_alignment
                0x0000000000000000        0xc /Users/alexandrejouandin/pebble-dev/PebbleSDK-2.0.1/Pebble/lib/libpebble.a(tmpziGGmipebble.o)
 .text.bitmap_layer_set_background_color
                0x0000000000000000        0xc /Users/alexandrejouandin/pebble-dev/PebbleSDK-2.0.1/Pebble/lib/libpebble.a(tmpziGGmipebble.o)
 .text.bitmap_layer_set_compositing_mode
                0x0000000000000000        0xc /Users/alexandrejouandin/pebble-dev/PebbleSDK-2.0.1/Pebble/lib/libpebble.a(tmpziGGmipebble.o)
 .text.click_number_of_clicks_counted
                0x0000000000000000        0xc /Users/alexandrejouandin/pebble-dev/PebbleSDK-2.0.1/Pebble/lib/libpebble.a(tmpziGGmipebble.o)
 .text.click_recognizer_get_button_id
                0x0000000000000000        0xc /Users/alexandrejouandin/pebble-dev/PebbleSDK-2.0.1/Pebble/lib/libpebble.a(tmpziGGmipebble.o)
 .text.clock_copy_time_string
                0x0000000000000000        0xc /Users/alexandrejouandin/pebble-dev/PebbleSDK-2.0.1/Pebble/lib/libpebble.a(tmpziGGmipebble.o)
 .text.cos_lookup
                0x0000000000000000        0xc /Users/alexandrejouandin/pebble-dev/PebbleSDK-2.0.1/Pebble/lib/libpebble.a(tmpziGGmipebble.o)
 .text.data_logging_create
                0x0000000000000000        0xc /Users/alexandrejouandin/pebble-dev/PebbleSDK-2.0.1/Pebble/lib/libpebble.a(tmpziGGmipebble.o)
 .text.data_logging_finish
                0x0000000000000000        0xc /Users/alexandrejouandin/pebble-dev/PebbleSDK-2.0.1/Pebble/lib/libpebble.a(tmpziGGmipebble.o)
 .text.data_logging_log
                0x0000000000000000        0xc /Users/alexandrejouandin/pebble-dev/PebbleSDK-2.0.1/Pebble/lib/libpebble.a(tmpziGGmipebble.o)
 .text.dict_calc_buffer_size
                0x0000000000000000        0xc /Users/alexandrejouandin/pebble-dev/PebbleSDK-2.0.1/Pebble/lib/libpebble.a(tmpziGGmipebble.o)
 .text.dict_calc_buffer_size_from_tuplets
                0x0000000000000000        0xc /Users/alexandrejouandin/pebble-dev/PebbleSDK-2.0.1/Pebble/lib/libpebble.a(tmpziGGmipebble.o)
 .text.dict_merge
                0x0000000000000000        0xc /Users/alexandrejouandin/pebble-dev/PebbleSDK-2.0.1/Pebble/lib/libpebble.a(tmpziGGmipebble.o)
 .text.dict_read_begin_from_buffer
                0x0000000000000000        0xc /Users/alexandrejouandin/pebble-dev/PebbleSDK-2.0.1/Pebble/lib/libpebble.a(tmpziGGmipebble.o)
 .text.dict_read_first
                0x0000000000000000        0xc /Users/alexandrejouandin/pebble-dev/PebbleSDK-2.0.1/Pebble/lib/libpebble.a(tmpziGGmipebble.o)
 .text.dict_read_next
                0x0000000000000000        0xc /Users/alexandrejouandin/pebble-dev/PebbleSDK-2.0.1/Pebble/lib/libpebble.a(tmpziGGmipebble.o)
 .text.dict_serialize_tuplets
                0x0000000000000000        0xc /Users/alexandrejouandin/pebble-dev/PebbleSDK-2.0.1/Pebble/lib/libpebble.a(tmpziGGmipebble.o)
 .text.dict_serialize_tuplets_to_buffer__deprecated
                0x0000000000000000        0xc /Users/alexandrejouandin/pebble-dev/PebbleSDK-2.0.1/Pebble/lib/libpebble.a(tmpziGGmipebble.o)
 .text.dict_serialize_tuplets_to_buffer_with_iter
                0x0000000000000000        0xc /Users/alexandrejouandin/pebble-dev/PebbleSDK-2.0.1/Pebble/lib/libpebble.a(tmpziGGmipebble.o)
 .text.dict_write_begin
                0x0000000000000000        0xc /Users/alexandrejouandin/pebble-dev/PebbleSDK-2.0.1/Pebble/lib/libpebble.a(tmpziGGmipebble.o)
 .text.dict_write_cstring
                0x0000000000000000        0xc /Users/alexandrejouandin/pebble-dev/PebbleSDK-2.0.1/Pebble/lib/libpebble.a(tmpziGGmipebble.o)
 .text.dict_write_data
                0x0000000000000000        0xc /Users/alexandrejouandin/pebble-dev/PebbleSDK-2.0.1/Pebble/lib/libpebble.a(tmpziGGmipebble.o)
 .text.dict_write_end
                0x0000000000000000        0xc /Users/alexandrejouandin/pebble-dev/PebbleSDK-2.0.1/Pebble/lib/libpebble.a(tmpziGGmipebble.o)
 .text.dict_write_int
                0x0000000000000000        0xc /Users/alexandrejouandin/pebble-dev/PebbleSDK-2.0.1/Pebble/lib/libpebble.a(tmpziGGmipebble.o)
 .text.dict_write_int16
                0x0000000000000000        0xc /Users/alexandrejouandin/pebble-dev/PebbleSDK-2.0.1/Pebble/lib/libpebble.a(tmpziGGmipebble.o)
 .text.dict_write_tuplet
                0x0000000000000000        0xc /Users/alexandrejouandin/pebble-dev/PebbleSDK-2.0.1/Pebble/lib/libpebble.a(tmpziGGmipebble.o)
 .text.dict_write_uint16
                0x0000000000000000        0xc /Users/alexandrejouandin/pebble-dev/PebbleSDK-2.0.1/Pebble/lib/libpebble.a(tmpziGGmipebble.o)
 .text.dict_write_uint32
                0x0000000000000000        0xc /Users/alexandrejouandin/pebble-dev/PebbleSDK-2.0.1/Pebble/lib/libpebble.a(tmpziGGmipebble.o)
 .text.dict_write_uint8
                0x0000000000000000        0xc /Users/alexandrejouandin/pebble-dev/PebbleSDK-2.0.1/Pebble/lib/libpebble.a(tmpziGGmipebble.o)
 .text.gbitmap_create_as_sub_bitmap
                0x0000000000000000        0xc /Users/alexandrejouandin/pebble-dev/PebbleSDK-2.0.1/Pebble/lib/libpebble.a(tmpziGGmipebble.o)
 .text.gbitmap_create_with_data
                0x0000000000000000        0xc /Users/alexandrejouandin/pebble-dev/PebbleSDK-2.0.1/Pebble/lib/libpebble.a(tmpziGGmipebble.o)
 .text.gmtime   0x0000000000000000        0xc /Users/alexandrejouandin/pebble-dev/PebbleSDK-2.0.1/Pebble/lib/libpebble.a(tmpziGGmipebble.o)
 .text.gpath_create
                0x0000000000000000        0xc /Users/alexandrejouandin/pebble-dev/PebbleSDK-2.0.1/Pebble/lib/libpebble.a(tmpziGGmipebble.o)
 .text.gpath_destroy
                0x0000000000000000        0xc /Users/alexandrejouandin/pebble-dev/PebbleSDK-2.0.1/Pebble/lib/libpebble.a(tmpziGGmipebble.o)
 .text.gpath_draw_filled
                0x0000000000000000        0xc /Users/alexandrejouandin/pebble-dev/PebbleSDK-2.0.1/Pebble/lib/libpebble.a(tmpziGGmipebble.o)
 .text.gpath_draw_outline
                0x0000000000000000        0xc /Users/alexandrejouandin/pebble-dev/PebbleSDK-2.0.1/Pebble/lib/libpebble.a(tmpziGGmipebble.o)
 .text.gpath_move_to
                0x0000000000000000        0xc /Users/alexandrejouandin/pebble-dev/PebbleSDK-2.0.1/Pebble/lib/libpebble.a(tmpziGGmipebble.o)
 .text.gpath_rotate_to
                0x0000000000000000        0xc /Users/alexandrejouandin/pebble-dev/PebbleSDK-2.0.1/Pebble/lib/libpebble.a(tmpziGGmipebble.o)
 .text.gpoint_equal
                0x0000000000000000        0xc /Users/alexandrejouandin/pebble-dev/PebbleSDK-2.0.1/Pebble/lib/libpebble.a(tmpziGGmipebble.o)
 .text.graphics_context_set_compositing_mode
                0x0000000000000000        0xc /Users/alexandrejouandin/pebble-dev/PebbleSDK-2.0.1/Pebble/lib/libpebble.a(tmpziGGmipebble.o)
 .text.graphics_context_set_text_color
                0x0000000000000000        0xc /Users/alexandrejouandin/pebble-dev/PebbleSDK-2.0.1/Pebble/lib/libpebble.a(tmpziGGmipebble.o)
 .text.graphics_draw_bitmap_in_rect
                0x0000000000000000        0xc /Users/alexandrejouandin/pebble-dev/PebbleSDK-2.0.1/Pebble/lib/libpebble.a(tmpziGGmipebble.o)
 .text.graphics_draw_circle
                0x0000000000000000        0xc /Users/alexandrejouandin/pebble-dev/PebbleSDK-2.0.1/Pebble/lib/libpebble.a(tmpziGGmipebble.o)
 .text.graphics_draw_line
                0x0000000000000000        0xc /Users/alexandrejouandin/pebble-dev/PebbleSDK-2.0.1/Pebble/lib/libpebble.a(tmpziGGmipebble.o)
 .text.graphics_draw_pixel
                0x0000000000000000        0xc /Users/alexandrejouandin/pebble-dev/PebbleSDK-2.0.1/Pebble/lib/libpebble.a(tmpziGGmipebble.o)
 .text.graphics_draw_rect
                0x0000000000000000        0xc /Users/alexandrejouandin/pebble-dev/PebbleSDK-2.0.1/Pebble/lib/libpebble.a(tmpziGGmipebble.o)
 .text.graphics_draw_round_rect
                0x0000000000000000        0xc /Users/alexandrejouandin/pebble-dev/PebbleSDK-2.0.1/Pebble/lib/libpebble.a(tmpziGGmipebble.o)
 .text.graphics_fill_circle
                0x0000000000000000        0xc /Users/alexandrejouandin/pebble-dev/PebbleSDK-2.0.1/Pebble/lib/libpebble.a(tmpziGGmipebble.o)
 .text.graphics_text_layout_get_max_used_size
                0x0000000000000000        0xc /Users/alexandrejouandin/pebble-dev/PebbleSDK-2.0.1/Pebble/lib/libpebble.a(tmpziGGmipebble.o)
 .text.grect_align
                0x0000000000000000        0xc /Users/alexandrejouandin/pebble-dev/PebbleSDK-2.0.1/Pebble/lib/libpebble.a(tmpziGGmipebble.o)
 .text.grect_center_point
                0x0000000000000000        0xc /Users/alexandrejouandin/pebble-dev/PebbleSDK-2.0.1/Pebble/lib/libpebble.a(tmpziGGmipebble.o)
 .text.grect_clip
                0x0000000000000000        0xc /Users/alexandrejouandin/pebble-dev/PebbleSDK-2.0.1/Pebble/lib/libpebble.a(tmpziGGmipebble.o)
 .text.grect_contains_point
                0x0000000000000000        0xc /Users/alexandrejouandin/pebble-dev/PebbleSDK-2.0.1/Pebble/lib/libpebble.a(tmpziGGmipebble.o)
 .text.grect_crop
                0x0000000000000000        0xc /Users/alexandrejouandin/pebble-dev/PebbleSDK-2.0.1/Pebble/lib/libpebble.a(tmpziGGmipebble.o)
 .text.grect_equal
                0x0000000000000000        0xc /Users/alexandrejouandin/pebble-dev/PebbleSDK-2.0.1/Pebble/lib/libpebble.a(tmpziGGmipebble.o)
 .text.grect_is_empty
                0x0000000000000000        0xc /Users/alexandrejouandin/pebble-dev/PebbleSDK-2.0.1/Pebble/lib/libpebble.a(tmpziGGmipebble.o)
 .text.grect_standardize
                0x0000000000000000        0xc /Users/alexandrejouandin/pebble-dev/PebbleSDK-2.0.1/Pebble/lib/libpebble.a(tmpziGGmipebble.o)
 .text.gsize_equal
                0x0000000000000000        0xc /Users/alexandrejouandin/pebble-dev/PebbleSDK-2.0.1/Pebble/lib/libpebble.a(tmpziGGmipebble.o)
 .text.inverter_layer_create
                0x0000000000000000        0xc /Users/alexandrejouandin/pebble-dev/PebbleSDK-2.0.1/Pebble/lib/libpebble.a(tmpziGGmipebble.o)
 .text.inverter_layer_destroy
                0x0000000000000000        0xc /Users/alexandrejouandin/pebble-dev/PebbleSDK-2.0.1/Pebble/lib/libpebble.a(tmpziGGmipebble.o)
 .text.inverter_layer_get_layer
                0x0000000000000000        0xc /Users/alexandrejouandin/pebble-dev/PebbleSDK-2.0.1/Pebble/lib/libpebble.a(tmpziGGmipebble.o)
 .text.layer_create_with_data
                0x0000000000000000        0xc /Users/alexandrejouandin/pebble-dev/PebbleSDK-2.0.1/Pebble/lib/libpebble.a(tmpziGGmipebble.o)
 .text.layer_get_clips
                0x0000000000000000        0xc /Users/alexandrejouandin/pebble-dev/PebbleSDK-2.0.1/Pebble/lib/libpebble.a(tmpziGGmipebble.o)
 .text.layer_get_data
                0x0000000000000000        0xc /Users/alexandrejouandin/pebble-dev/PebbleSDK-2.0.1/Pebble/lib/libpebble.a(tmpziGGmipebble.o)
 .text.layer_get_hidden
                0x0000000000000000        0xc /Users/alexandrejouandin/pebble-dev/PebbleSDK-2.0.1/Pebble/lib/libpebble.a(tmpziGGmipebble.o)
 .text.layer_get_window
                0x0000000000000000        0xc /Users/alexandrejouandin/pebble-dev/PebbleSDK-2.0.1/Pebble/lib/libpebble.a(tmpziGGmipebble.o)
 .text.layer_insert_above_sibling
                0x0000000000000000        0xc /Users/alexandrejouandin/pebble-dev/PebbleSDK-2.0.1/Pebble/lib/libpebble.a(tmpziGGmipebble.o)
 .text.layer_insert_below_sibling
                0x0000000000000000        0xc /Users/alexandrejouandin/pebble-dev/PebbleSDK-2.0.1/Pebble/lib/libpebble.a(tmpziGGmipebble.o)
 .text.layer_remove_child_layers
                0x0000000000000000        0xc /Users/alexandrejouandin/pebble-dev/PebbleSDK-2.0.1/Pebble/lib/libpebble.a(tmpziGGmipebble.o)
 .text.layer_remove_from_parent
                0x0000000000000000        0xc /Users/alexandrejouandin/pebble-dev/PebbleSDK-2.0.1/Pebble/lib/libpebble.a(tmpziGGmipebble.o)
 .text.layer_set_bounds
                0x0000000000000000        0xc /Users/alexandrejouandin/pebble-dev/PebbleSDK-2.0.1/Pebble/lib/libpebble.a(tmpziGGmipebble.o)
 .text.layer_set_clips
                0x0000000000000000        0xc /Users/alexandrejouandin/pebble-dev/PebbleSDK-2.0.1/Pebble/lib/libpebble.a(tmpziGGmipebble.o)
 .text.light_enable_interaction
                0x0000000000000000        0xc /Users/alexandrejouandin/pebble-dev/PebbleSDK-2.0.1/Pebble/lib/libpebble.a(tmpziGGmipebble.o)
 .text.memset   0x0000000000000000        0xc /Users/alexandrejouandin/pebble-dev/PebbleSDK-2.0.1/Pebble/lib/libpebble.a(tmpziGGmipebble.o)
 .text.menu_cell_basic_draw
                0x0000000000000000        0xc /Users/alexandrejouandin/pebble-dev/PebbleSDK-2.0.1/Pebble/lib/libpebble.a(tmpziGGmipebble.o)
 .text.menu_cell_basic_header_draw
                0x0000000000000000        0xc /Users/alexandrejouandin/pebble-dev/PebbleSDK-2.0.1/Pebble/lib/libpebble.a(tmpziGGmipebble.o)
 .text.menu_cell_title_draw
                0x0000000000000000        0xc /Users/alexandrejouandin/pebble-dev/PebbleSDK-2.0.1/Pebble/lib/libpebble.a(tmpziGGmipebble.o)
 .text.menu_index_compare
                0x0000000000000000        0xc /Users/alexandrejouandin/pebble-dev/PebbleSDK-2.0.1/Pebble/lib/libpebble.a(tmpziGGmipebble.o)
 .text.menu_layer_create
                0x0000000000000000        0xc /Users/alexandrejouandin/pebble-dev/PebbleSDK-2.0.1/Pebble/lib/libpebble.a(tmpziGGmipebble.o)
 .text.menu_layer_destroy
                0x0000000000000000        0xc /Users/alexandrejouandin/pebble-dev/PebbleSDK-2.0.1/Pebble/lib/libpebble.a(tmpziGGmipebble.o)
 .text.menu_layer_get_layer
                0x0000000000000000        0xc /Users/alexandrejouandin/pebble-dev/PebbleSDK-2.0.1/Pebble/lib/libpebble.a(tmpziGGmipebble.o)
 .text.menu_layer_get_scroll_layer
                0x0000000000000000        0xc /Users/alexandrejouandin/pebble-dev/PebbleSDK-2.0.1/Pebble/lib/libpebble.a(tmpziGGmipebble.o)
 .text.menu_layer_get_selected_index
                0x0000000000000000        0xc /Users/alexandrejouandin/pebble-dev/PebbleSDK-2.0.1/Pebble/lib/libpebble.a(tmpziGGmipebble.o)
 .text.menu_layer_reload_data
                0x0000000000000000        0xc /Users/alexandrejouandin/pebble-dev/PebbleSDK-2.0.1/Pebble/lib/libpebble.a(tmpziGGmipebble.o)
 .text.menu_layer_set_callbacks
                0x0000000000000000        0xc /Users/alexandrejouandin/pebble-dev/PebbleSDK-2.0.1/Pebble/lib/libpebble.a(tmpziGGmipebble.o)
 .text.menu_layer_set_click_config_onto_window
                0x0000000000000000        0xc /Users/alexandrejouandin/pebble-dev/PebbleSDK-2.0.1/Pebble/lib/libpebble.a(tmpziGGmipebble.o)
 .text.menu_layer_set_selected_index
                0x0000000000000000        0xc /Users/alexandrejouandin/pebble-dev/PebbleSDK-2.0.1/Pebble/lib/libpebble.a(tmpziGGmipebble.o)
 .text.menu_layer_set_selected_next
                0x0000000000000000        0xc /Users/alexandrejouandin/pebble-dev/PebbleSDK-2.0.1/Pebble/lib/libpebble.a(tmpziGGmipebble.o)
 .text.number_window_create
                0x0000000000000000        0xc /Users/alexandrejouandin/pebble-dev/PebbleSDK-2.0.1/Pebble/lib/libpebble.a(tmpziGGmipebble.o)
 .text.number_window_destroy
                0x0000000000000000        0xc /Users/alexandrejouandin/pebble-dev/PebbleSDK-2.0.1/Pebble/lib/libpebble.a(tmpziGGmipebble.o)
 .text.number_window_get_value
                0x0000000000000000        0xc /Users/alexandrejouandin/pebble-dev/PebbleSDK-2.0.1/Pebble/lib/libpebble.a(tmpziGGmipebble.o)
 .text.number_window_set_label
                0x0000000000000000        0xc /Users/alexandrejouandin/pebble-dev/PebbleSDK-2.0.1/Pebble/lib/libpebble.a(tmpziGGmipebble.o)
 .text.number_window_set_max
                0x0000000000000000        0xc /Users/alexandrejouandin/pebble-dev/PebbleSDK-2.0.1/Pebble/lib/libpebble.a(tmpziGGmipebble.o)
 .text.number_window_set_min
                0x0000000000000000        0xc /Users/alexandrejouandin/pebble-dev/PebbleSDK-2.0.1/Pebble/lib/libpebble.a(tmpziGGmipebble.o)
 .text.number_window_set_step_size
                0x0000000000000000        0xc /Users/alexandrejouandin/pebble-dev/PebbleSDK-2.0.1/Pebble/lib/libpebble.a(tmpziGGmipebble.o)
 .text.number_window_set_value
                0x0000000000000000        0xc /Users/alexandrejouandin/pebble-dev/PebbleSDK-2.0.1/Pebble/lib/libpebble.a(tmpziGGmipebble.o)
 .text.persist_delete
                0x0000000000000000        0xc /Users/alexandrejouandin/pebble-dev/PebbleSDK-2.0.1/Pebble/lib/libpebble.a(tmpziGGmipebble.o)
 .text.persist_exists
                0x0000000000000000        0xc /Users/alexandrejouandin/pebble-dev/PebbleSDK-2.0.1/Pebble/lib/libpebble.a(tmpziGGmipebble.o)
 .text.persist_get_size
                0x0000000000000000        0xc /Users/alexandrejouandin/pebble-dev/PebbleSDK-2.0.1/Pebble/lib/libpebble.a(tmpziGGmipebble.o)
 .text.persist_read_bool
                0x0000000000000000        0xc /Users/alexandrejouandin/pebble-dev/PebbleSDK-2.0.1/Pebble/lib/libpebble.a(tmpziGGmipebble.o)
 .text.persist_read_data__deprecated
                0x0000000000000000        0xc /Users/alexandrejouandin/pebble-dev/PebbleSDK-2.0.1/Pebble/lib/libpebble.a(tmpziGGmipebble.o)
 .text.persist_read_int
                0x0000000000000000        0xc /Users/alexandrejouandin/pebble-dev/PebbleSDK-2.0.1/Pebble/lib/libpebble.a(tmpziGGmipebble.o)
 .text.persist_read_string__deprecated
                0x0000000000000000        0xc /Users/alexandrejouandin/pebble-dev/PebbleSDK-2.0.1/Pebble/lib/libpebble.a(tmpziGGmipebble.o)
 .text.persist_write_bool
                0x0000000000000000        0xc /Users/alexandrejouandin/pebble-dev/PebbleSDK-2.0.1/Pebble/lib/libpebble.a(tmpziGGmipebble.o)
 .text.persist_write_data__deprecated
                0x0000000000000000        0xc /Users/alexandrejouandin/pebble-dev/PebbleSDK-2.0.1/Pebble/lib/libpebble.a(tmpziGGmipebble.o)
 .text.persist_write_int
                0x0000000000000000        0xc /Users/alexandrejouandin/pebble-dev/PebbleSDK-2.0.1/Pebble/lib/libpebble.a(tmpziGGmipebble.o)
 .text.persist_write_string
                0x0000000000000000        0xc /Users/alexandrejouandin/pebble-dev/PebbleSDK-2.0.1/Pebble/lib/libpebble.a(tmpziGGmipebble.o)
 .text.property_animation_create
                0x0000000000000000        0xc /Users/alexandrejouandin/pebble-dev/PebbleSDK-2.0.1/Pebble/lib/libpebble.a(tmpziGGmipebble.o)
 .text.property_animation_update_gpoint
                0x0000000000000000        0xc /Users/alexandrejouandin/pebble-dev/PebbleSDK-2.0.1/Pebble/lib/libpebble.a(tmpziGGmipebble.o)
 .text.property_animation_update_grect
                0x0000000000000000        0xc /Users/alexandrejouandin/pebble-dev/PebbleSDK-2.0.1/Pebble/lib/libpebble.a(tmpziGGmipebble.o)
 .text.property_animation_update_int16
                0x0000000000000000        0xc /Users/alexandrejouandin/pebble-dev/PebbleSDK-2.0.1/Pebble/lib/libpebble.a(tmpziGGmipebble.o)
 .text.psleep   0x0000000000000000        0xc /Users/alexandrejouandin/pebble-dev/PebbleSDK-2.0.1/Pebble/lib/libpebble.a(tmpziGGmipebble.o)
 .text.rand     0x0000000000000000        0xc /Users/alexandrejouandin/pebble-dev/PebbleSDK-2.0.1/Pebble/lib/libpebble.a(tmpziGGmipebble.o)
 .text.resource_load
                0x0000000000000000        0xc /Users/alexandrejouandin/pebble-dev/PebbleSDK-2.0.1/Pebble/lib/libpebble.a(tmpziGGmipebble.o)
 .text.resource_load_byte_range
                0x0000000000000000        0xc /Users/alexandrejouandin/pebble-dev/PebbleSDK-2.0.1/Pebble/lib/libpebble.a(tmpziGGmipebble.o)
 .text.resource_size
                0x0000000000000000        0xc /Users/alexandrejouandin/pebble-dev/PebbleSDK-2.0.1/Pebble/lib/libpebble.a(tmpziGGmipebble.o)
 .text.rot_bitmap_layer_create
                0x0000000000000000        0xc /Users/alexandrejouandin/pebble-dev/PebbleSDK-2.0.1/Pebble/lib/libpebble.a(tmpziGGmipebble.o)
 .text.rot_bitmap_layer_destroy
                0x0000000000000000        0xc /Users/alexandrejouandin/pebble-dev/PebbleSDK-2.0.1/Pebble/lib/libpebble.a(tmpziGGmipebble.o)
 .text.rot_bitmap_layer_increment_angle
                0x0000000000000000        0xc /Users/alexandrejouandin/pebble-dev/PebbleSDK-2.0.1/Pebble/lib/libpebble.a(tmpziGGmipebble.o)
 .text.rot_bitmap_layer_set_angle
                0x0000000000000000        0xc /Users/alexandrejouandin/pebble-dev/PebbleSDK-2.0.1/Pebble/lib/libpebble.a(tmpziGGmipebble.o)
 .text.rot_bitmap_layer_set_corner_clip_color
                0x0000000000000000        0xc /Users/alexandrejouandin/pebble-dev/PebbleSDK-2.0.1/Pebble/lib/libpebble.a(tmpziGGmipebble.o)
 .text.rot_bitmap_set_compositing_mode
                0x0000000000000000        0xc /Users/alexandrejouandin/pebble-dev/PebbleSDK-2.0.1/Pebble/lib/libpebble.a(tmpziGGmipebble.o)
 .text.rot_bitmap_set_src_ic
                0x0000000000000000        0xc /Users/alexandrejouandin/pebble-dev/PebbleSDK-2.0.1/Pebble/lib/libpebble.a(tmpziGGmipebble.o)
 .text.scroll_layer_add_child
                0x0000000000000000        0xc /Users/alexandrejouandin/pebble-dev/PebbleSDK-2.0.1/Pebble/lib/libpebble.a(tmpziGGmipebble.o)
 .text.scroll_layer_create
                0x0000000000000000        0xc /Users/alexandrejouandin/pebble-dev/PebbleSDK-2.0.1/Pebble/lib/libpebble.a(tmpziGGmipebble.o)
 .text.scroll_layer_destroy
                0x0000000000000000        0xc /Users/alexandrejouandin/pebble-dev/PebbleSDK-2.0.1/Pebble/lib/libpebble.a(tmpziGGmipebble.o)
 .text.scroll_layer_get_content_offset
                0x0000000000000000        0xc /Users/alexandrejouandin/pebble-dev/PebbleSDK-2.0.1/Pebble/lib/libpebble.a(tmpziGGmipebble.o)
 .text.scroll_layer_get_content_size
                0x0000000000000000        0xc /Users/alexandrejouandin/pebble-dev/PebbleSDK-2.0.1/Pebble/lib/libpebble.a(tmpziGGmipebble.o)
 .text.scroll_layer_get_layer
                0x0000000000000000        0xc /Users/alexandrejouandin/pebble-dev/PebbleSDK-2.0.1/Pebble/lib/libpebble.a(tmpziGGmipebble.o)
 .text.scroll_layer_get_shadow_hidden
                0x0000000000000000        0xc /Users/alexandrejouandin/pebble-dev/PebbleSDK-2.0.1/Pebble/lib/libpebble.a(tmpziGGmipebble.o)
 .text.scroll_layer_scroll_down_click_handler
                0x0000000000000000        0xc /Users/alexandrejouandin/pebble-dev/PebbleSDK-2.0.1/Pebble/lib/libpebble.a(tmpziGGmipebble.o)
 .text.scroll_layer_scroll_up_click_handler
                0x0000000000000000        0xc /Users/alexandrejouandin/pebble-dev/PebbleSDK-2.0.1/Pebble/lib/libpebble.a(tmpziGGmipebble.o)
 .text.scroll_layer_set_callbacks
                0x0000000000000000        0xc /Users/alexandrejouandin/pebble-dev/PebbleSDK-2.0.1/Pebble/lib/libpebble.a(tmpziGGmipebble.o)
 .text.scroll_layer_set_click_config_onto_window
                0x0000000000000000        0xc /Users/alexandrejouandin/pebble-dev/PebbleSDK-2.0.1/Pebble/lib/libpebble.a(tmpziGGmipebble.o)
 .text.scroll_layer_set_content_offset
                0x0000000000000000        0xc /Users/alexandrejouandin/pebble-dev/PebbleSDK-2.0.1/Pebble/lib/libpebble.a(tmpziGGmipebble.o)
 .text.scroll_layer_set_content_size
                0x0000000000000000        0xc /Users/alexandrejouandin/pebble-dev/PebbleSDK-2.0.1/Pebble/lib/libpebble.a(tmpziGGmipebble.o)
 .text.scroll_layer_set_context
                0x0000000000000000        0xc /Users/alexandrejouandin/pebble-dev/PebbleSDK-2.0.1/Pebble/lib/libpebble.a(tmpziGGmipebble.o)
 .text.scroll_layer_set_frame
                0x0000000000000000        0xc /Users/alexandrejouandin/pebble-dev/PebbleSDK-2.0.1/Pebble/lib/libpebble.a(tmpziGGmipebble.o)
 .text.scroll_layer_set_shadow_hidden
                0x0000000000000000        0xc /Users/alexandrejouandin/pebble-dev/PebbleSDK-2.0.1/Pebble/lib/libpebble.a(tmpziGGmipebble.o)
 .text.simple_menu_layer_create
                0x0000000000000000        0xc /Users/alexandrejouandin/pebble-dev/PebbleSDK-2.0.1/Pebble/lib/libpebble.a(tmpziGGmipebble.o)
 .text.simple_menu_layer_destroy
                0x0000000000000000        0xc /Users/alexandrejouandin/pebble-dev/PebbleSDK-2.0.1/Pebble/lib/libpebble.a(tmpziGGmipebble.o)
 .text.simple_menu_layer_get_layer
                0x0000000000000000        0xc /Users/alexandrejouandin/pebble-dev/PebbleSDK-2.0.1/Pebble/lib/libpebble.a(tmpziGGmipebble.o)
 .text.simple_menu_layer_get_selected_index
                0x0000000000000000        0xc /Users/alexandrejouandin/pebble-dev/PebbleSDK-2.0.1/Pebble/lib/libpebble.a(tmpziGGmipebble.o)
 .text.simple_menu_layer_set_selected_index
                0x0000000000000000        0xc /Users/alexandrejouandin/pebble-dev/PebbleSDK-2.0.1/Pebble/lib/libpebble.a(tmpziGGmipebble.o)
 .text.sin_lookup
                0x0000000000000000        0xc /Users/alexandrejouandin/pebble-dev/PebbleSDK-2.0.1/Pebble/lib/libpebble.a(tmpziGGmipebble.o)
 .text.srand    0x0000000000000000        0xc /Users/alexandrejouandin/pebble-dev/PebbleSDK-2.0.1/Pebble/lib/libpebble.a(tmpziGGmipebble.o)
 .text.strcmp   0x0000000000000000        0xc /Users/alexandrejouandin/pebble-dev/PebbleSDK-2.0.1/Pebble/lib/libpebble.a(tmpziGGmipebble.o)
 .text.strncat  0x0000000000000000        0xc /Users/alexandrejouandin/pebble-dev/PebbleSDK-2.0.1/Pebble/lib/libpebble.a(tmpziGGmipebble.o)
 .text.text_layer_get_content_size
                0x0000000000000000        0xc /Users/alexandrejouandin/pebble-dev/PebbleSDK-2.0.1/Pebble/lib/libpebble.a(tmpziGGmipebble.o)
 .text.text_layer_get_text
                0x0000000000000000        0xc /Users/alexandrejouandin/pebble-dev/PebbleSDK-2.0.1/Pebble/lib/libpebble.a(tmpziGGmipebble.o)
 .text.text_layer_set_overflow_mode
                0x0000000000000000        0xc /Users/alexandrejouandin/pebble-dev/PebbleSDK-2.0.1/Pebble/lib/libpebble.a(tmpziGGmipebble.o)
 .text.text_layer_set_size
                0x0000000000000000        0xc /Users/alexandrejouandin/pebble-dev/PebbleSDK-2.0.1/Pebble/lib/libpebble.a(tmpziGGmipebble.o)
 .text.time_ms  0x0000000000000000        0xc /Users/alexandrejouandin/pebble-dev/PebbleSDK-2.0.1/Pebble/lib/libpebble.a(tmpziGGmipebble.o)
 .text.vibes_cancel
                0x0000000000000000        0xc /Users/alexandrejouandin/pebble-dev/PebbleSDK-2.0.1/Pebble/lib/libpebble.a(tmpziGGmipebble.o)
 .text.vibes_double_pulse
                0x0000000000000000        0xc /Users/alexandrejouandin/pebble-dev/PebbleSDK-2.0.1/Pebble/lib/libpebble.a(tmpziGGmipebble.o)
 .text.vibes_enqueue_custom_pattern
                0x0000000000000000        0xc /Users/alexandrejouandin/pebble-dev/PebbleSDK-2.0.1/Pebble/lib/libpebble.a(tmpziGGmipebble.o)
 .text.window_get_click_config_provider
                0x0000000000000000        0xc /Users/alexandrejouandin/pebble-dev/PebbleSDK-2.0.1/Pebble/lib/libpebble.a(tmpziGGmipebble.o)
 .text.window_get_fullscreen
                0x0000000000000000        0xc /Users/alexandrejouandin/pebble-dev/PebbleSDK-2.0.1/Pebble/lib/libpebble.a(tmpziGGmipebble.o)
 .text.window_is_loaded
                0x0000000000000000        0xc /Users/alexandrejouandin/pebble-dev/PebbleSDK-2.0.1/Pebble/lib/libpebble.a(tmpziGGmipebble.o)
 .text.window_set_background_color
                0x0000000000000000        0xc /Users/alexandrejouandin/pebble-dev/PebbleSDK-2.0.1/Pebble/lib/libpebble.a(tmpziGGmipebble.o)
 .text.window_set_click_config_provider_with_context
                0x0000000000000000        0xc /Users/alexandrejouandin/pebble-dev/PebbleSDK-2.0.1/Pebble/lib/libpebble.a(tmpziGGmipebble.o)
 .text.window_set_status_bar_icon
                0x0000000000000000        0xc /Users/alexandrejouandin/pebble-dev/PebbleSDK-2.0.1/Pebble/lib/libpebble.a(tmpziGGmipebble.o)
 .text.window_stack_contains_window
                0x0000000000000000        0xc /Users/alexandrejouandin/pebble-dev/PebbleSDK-2.0.1/Pebble/lib/libpebble.a(tmpziGGmipebble.o)
 .text.window_stack_get_top_window
                0x0000000000000000        0xc /Users/alexandrejouandin/pebble-dev/PebbleSDK-2.0.1/Pebble/lib/libpebble.a(tmpziGGmipebble.o)
 .text.window_stack_pop
                0x0000000000000000        0xc /Users/alexandrejouandin/pebble-dev/PebbleSDK-2.0.1/Pebble/lib/libpebble.a(tmpziGGmipebble.o)
 .text.window_stack_pop_all
                0x0000000000000000        0xc /Users/alexandrejouandin/pebble-dev/PebbleSDK-2.0.1/Pebble/lib/libpebble.a(tmpziGGmipebble.o)
 .text.window_stack_remove
                0x0000000000000000        0xc /Users/alexandrejouandin/pebble-dev/PebbleSDK-2.0.1/Pebble/lib/libpebble.a(tmpziGGmipebble.o)
 .text.app_focus_service_subscribe
                0x0000000000000000        0xc /Users/alexandrejouandin/pebble-dev/PebbleSDK-2.0.1/Pebble/lib/libpebble.a(tmpziGGmipebble.o)
 .text.app_focus_service_unsubscribe
                0x0000000000000000        0xc /Users/alexandrejouandin/pebble-dev/PebbleSDK-2.0.1/Pebble/lib/libpebble.a(tmpziGGmipebble.o)
 .text.window_get_user_data
                0x0000000000000000        0xc /Users/alexandrejouandin/pebble-dev/PebbleSDK-2.0.1/Pebble/lib/libpebble.a(tmpziGGmipebble.o)
 .text.window_set_user_data
                0x0000000000000000        0xc /Users/alexandrejouandin/pebble-dev/PebbleSDK-2.0.1/Pebble/lib/libpebble.a(tmpziGGmipebble.o)
 .text.app_message_get_context
                0x0000000000000000        0xc /Users/alexandrejouandin/pebble-dev/PebbleSDK-2.0.1/Pebble/lib/libpebble.a(tmpziGGmipebble.o)
 .text.app_message_register_inbox_dropped
                0x0000000000000000        0xc /Users/alexandrejouandin/pebble-dev/PebbleSDK-2.0.1/Pebble/lib/libpebble.a(tmpziGGmipebble.o)
 .text.app_message_register_outbox_failed
                0x0000000000000000        0xc /Users/alexandrejouandin/pebble-dev/PebbleSDK-2.0.1/Pebble/lib/libpebble.a(tmpziGGmipebble.o)
 .text.app_message_register_outbox_sent
                0x0000000000000000        0xc /Users/alexandrejouandin/pebble-dev/PebbleSDK-2.0.1/Pebble/lib/libpebble.a(tmpziGGmipebble.o)
 .text.app_message_set_context
                0x0000000000000000        0xc /Users/alexandrejouandin/pebble-dev/PebbleSDK-2.0.1/Pebble/lib/libpebble.a(tmpziGGmipebble.o)
 .text.window_multi_click_subscribe
                0x0000000000000000        0xc /Users/alexandrejouandin/pebble-dev/PebbleSDK-2.0.1/Pebble/lib/libpebble.a(tmpziGGmipebble.o)
 .text.window_raw_click_subscribe
                0x0000000000000000        0xc /Users/alexandrejouandin/pebble-dev/PebbleSDK-2.0.1/Pebble/lib/libpebble.a(tmpziGGmipebble.o)
 .text.window_set_click_context
                0x0000000000000000        0xc /Users/alexandrejouandin/pebble-dev/PebbleSDK-2.0.1/Pebble/lib/libpebble.a(tmpziGGmipebble.o)
 .text.window_single_repeating_click_subscribe
                0x0000000000000000        0xc /Users/alexandrejouandin/pebble-dev/PebbleSDK-2.0.1/Pebble/lib/libpebble.a(tmpziGGmipebble.o)
 .text.graphics_draw_text
                0x0000000000000000        0xc /Users/alexandrejouandin/pebble-dev/PebbleSDK-2.0.1/Pebble/lib/libpebble.a(tmpziGGmipebble.o)
 .text.dict_serialize_tuplets_to_buffer
                0x0000000000000000        0xc /Users/alexandrejouandin/pebble-dev/PebbleSDK-2.0.1/Pebble/lib/libpebble.a(tmpziGGmipebble.o)
 .text.persist_read_data
                0x0000000000000000        0xc /Users/alexandrejouandin/pebble-dev/PebbleSDK-2.0.1/Pebble/lib/libpebble.a(tmpziGGmipebble.o)
 .text.persist_read_string
                0x0000000000000000        0xc /Users/alexandrejouandin/pebble-dev/PebbleSDK-2.0.1/Pebble/lib/libpebble.a(tmpziGGmipebble.o)
 .text.persist_write_data
                0x0000000000000000        0xc /Users/alexandrejouandin/pebble-dev/PebbleSDK-2.0.1/Pebble/lib/libpebble.a(tmpziGGmipebble.o)
 .text.dict_size
                0x0000000000000000        0xc /Users/alexandrejouandin/pebble-dev/PebbleSDK-2.0.1/Pebble/lib/libpebble.a(tmpziGGmipebble.o)
 .text.graphics_text_layout_get_content_size
                0x0000000000000000        0xc /Users/alexandrejouandin/pebble-dev/PebbleSDK-2.0.1/Pebble/lib/libpebble.a(tmpziGGmipebble.o)
 .text.simple_menu_layer_get_menu_layer
                0x0000000000000000        0xc /Users/alexandrejouandin/pebble-dev/PebbleSDK-2.0.1/Pebble/lib/libpebble.a(tmpziGGmipebble.o)
 .text.accel_data_service_subscribe
                0x0000000000000000        0xc /Users/alexandrejouandin/pebble-dev/PebbleSDK-2.0.1/Pebble/lib/libpebble.a(tmpziGGmipebble.o)
 .text.calloc   0x0000000000000000        0xc /Users/alexandrejouandin/pebble-dev/PebbleSDK-2.0.1/Pebble/lib/libpebble.a(tmpziGGmipebble.o)
 .text.bitmap_layer_get_bitmap
                0x0000000000000000        0xc /Users/alexandrejouandin/pebble-dev/PebbleSDK-2.0.1/Pebble/lib/libpebble.a(tmpziGGmipebble.o)
 .bss           0x0000000000000000        0x0 /Users/alexandrejouandin/pebble-dev/PebbleSDK-2.0.1/arm-cs-tools/bin/../lib/gcc/arm-none-eabi/4.7.2/thumb2/libgcc.a(_arm_addsubdf3.o)
 .bss           0x0000000000000000        0x0 /Users/alexandrejouandin/pebble-dev/PebbleSDK-2.0.1/arm-cs-tools/bin/../lib/gcc/arm-none-eabi/4.7.2/thumb2/libgcc.a(_arm_muldivdf3.o)
 .bss           0x0000000000000000        0x0 /Users/alexandrejouandin/pebble-dev/PebbleSDK-2.0.1/arm-cs-tools/bin/../lib/gcc/arm-none-eabi/4.7.2/thumb2/libgcc.a(_arm_fixdfsi.o)
 .text          0x0000000000000000        0x0 /Users/alexandrejouandin/pebble-dev/PebbleSDK-2.0.1/arm-cs-tools/bin/../lib/gcc/arm-none-eabi/4.7.2/thumb2/crtend.o
 .bss           0x0000000000000000        0x0 /Users/alexandrejouandin/pebble-dev/PebbleSDK-2.0.1/arm-cs-tools/bin/../lib/gcc/arm-none-eabi/4.7.2/thumb2/crtend.o
 .eh_frame      0x0000000000000000        0x4 /Users/alexandrejouandin/pebble-dev/PebbleSDK-2.0.1/arm-cs-tools/bin/../lib/gcc/arm-none-eabi/4.7.2/thumb2/crtend.o
 .jcr           0x0000000000000000        0x4 /Users/alexandrejouandin/pebble-dev/PebbleSDK-2.0.1/arm-cs-tools/bin/../lib/gcc/arm-none-eabi/4.7.2/thumb2/crtend.o
 .tm_clone_table
                0x0000000000000000        0x0 /Users/alexandrejouandin/pebble-dev/PebbleSDK-2.0.1/arm-cs-tools/bin/../lib/gcc/arm-none-eabi/4.7.2/thumb2/crtend.o
 .text          0x0000000000000000        0x0 /Users/alexandrejouandin/pebble-dev/PebbleSDK-2.0.1/arm-cs-tools/bin/../lib/gcc/arm-none-eabi/4.7.2/thumb2/crtn.o
 .bss           0x0000000000000000        0x0 /Users/alexandrejouandin/pebble-dev/PebbleSDK-2.0.1/arm-cs-tools/bin/../lib/gcc/arm-none-eabi/4.7.2/thumb2/crtn.o
 .init          0x0000000000000000        0x8 /Users/alexandrejouandin/pebble-dev/PebbleSDK-2.0.1/arm-cs-tools/bin/../lib/gcc/arm-none-eabi/4.7.2/thumb2/crtn.o
 .fini          0x0000000000000000        0x8 /Users/alexandrejouandin/pebble-dev/PebbleSDK-2.0.1/arm-cs-tools/bin/../lib/gcc/arm-none-eabi/4.7.2/thumb2/crtn.o

Memory Configuration

Name             Origin             Length             Attributes
APP              0x0000000000000000 0x0000000000006000 xrw
*default*        0x0000000000000000 0xffffffffffffffff

Linker script and memory map

LOAD /Users/alexandrejouandin/pebble-dev/PebbleSDK-2.0.1/arm-cs-tools/bin/../lib/gcc/arm-none-eabi/4.7.2/thumb2/crti.o
LOAD /Users/alexandrejouandin/pebble-dev/PebbleSDK-2.0.1/arm-cs-tools/bin/../lib/gcc/arm-none-eabi/4.7.2/thumb2/crtbegin.o
LOAD src/sm_watchapp.c.23.o
LOAD appinfo.auto.c.23.o
LOAD /Users/alexandrejouandin/pebble-dev/PebbleSDK-2.0.1/Pebble/lib/libpebble.a
START GROUP
LOAD /Users/alexandrejouandin/pebble-dev/PebbleSDK-2.0.1/arm-cs-tools/bin/../lib/gcc/arm-none-eabi/4.7.2/thumb2/libgcc.a
LOAD /Users/alexandrejouandin/pebble-dev/PebbleSDK-2.0.1/arm-cs-tools/bin/../lib/gcc/arm-none-eabi/4.7.2/../../../../arm-none-eabi/lib/thumb2/libc.a
END GROUP
LOAD /Users/alexandrejouandin/pebble-dev/PebbleSDK-2.0.1/arm-cs-tools/bin/../lib/gcc/arm-none-eabi/4.7.2/thumb2/crtend.o
LOAD /Users/alexandrejouandin/pebble-dev/PebbleSDK-2.0.1/arm-cs-tools/bin/../lib/gcc/arm-none-eabi/4.7.2/thumb2/crtn.o

.header         0x0000000000000000       0x82
 *(.pbl_header)
 .pbl_header    0x0000000000000000       0x82 appinfo.auto.c.23.o
                0x0000000000000000                __pbl_app_info

.text           0x0000000000000084     0x36d5
 *(.text)
 .text          0x0000000000000084       0x14 /Users/alexandrejouandin/pebble-dev/PebbleSDK-2.0.1/Pebble/lib/libpebble.a(tmpziGGmipebble.o)
 .text          0x0000000000000098      0x370 /Users/alexandrejouandin/pebble-dev/PebbleSDK-2.0.1/arm-cs-tools/bin/../lib/gcc/arm-none-eabi/4.7.2/thumb2/libgcc.a(_arm_addsubdf3.o)
                0x0000000000000098                __aeabi_drsub
                0x00000000000000a0                __subdf3
                0x00000000000000a0                __aeabi_dsub
                0x00000000000000a4                __aeabi_dadd
                0x00000000000000a4                __adddf3
                0x000000000000031c                __aeabi_ui2d
                0x000000000000031c                __floatunsidf
                0x000000000000033c                __floatsidf
                0x000000000000033c                __aeabi_i2d
                0x0000000000000360                __extendsfdf2
                0x0000000000000360                __aeabi_f2d
                0x000000000000039c                __aeabi_ul2d
                0x000000000000039c                __floatundidf
                0x00000000000003ac                __aeabi_l2d
                0x00000000000003ac                __floatdidf
 .text          0x0000000000000408      0x424 /Users/alexandrejouandin/pebble-dev/PebbleSDK-2.0.1/arm-cs-tools/bin/../lib/gcc/arm-none-eabi/4.7.2/thumb2/libgcc.a(_arm_muldivdf3.o)
                0x0000000000000408                __aeabi_dmul
                0x0000000000000408                __muldf3
                0x000000000000065c                __aeabi_ddiv
                0x000000000000065c                __divdf3
 .text          0x000000000000082c       0x50 /Users/alexandrejouandin/pebble-dev/PebbleSDK-2.0.1/arm-cs-tools/bin/../lib/gcc/arm-none-eabi/4.7.2/thumb2/libgcc.a(_arm_fixdfsi.o)
                0x000000000000082c                __fixdfsi
                0x000000000000082c                __aeabi_d2iz
 *(.text.*)
 .text.window_unload
                0x000000000000087c        0x2 src/sm_watchapp.c.23.o
 *fill*         0x000000000000087e        0x2 
 .text.batteryChanged
                0x0000000000000880       0x20 src/sm_watchapp.c.23.o
                0x0000000000000880                batteryChanged
 .text.window_load
                0x00000000000008a0       0x10 src/sm_watchapp.c.23.o
 .text.click_config_provider
                0x00000000000008b0       0x70 src/sm_watchapp.c.23.o
 .text.turn_off_the_light
                0x0000000000000920       0x20 src/sm_watchapp.c.23.o
 .text.display_hour.6555
                0x0000000000000940       0xf8 src/sm_watchapp.c.23.o
 .text.battery_pbl_layer_update_callback
                0x0000000000000a38       0x98 src/sm_watchapp.c.23.o
                0x0000000000000a38                battery_pbl_layer_update_callback
 .text.battery_layer_update_callback
                0x0000000000000ad0       0x68 src/sm_watchapp.c.23.o
                0x0000000000000ad0                battery_layer_update_callback
 .text.animate_layers.isra.0
                0x0000000000000b38       0xe4 src/sm_watchapp.c.23.o
 .text.auto_switch
                0x0000000000000c1c       0x20 src/sm_watchapp.c.23.o
 .text.display_Notification
                0x0000000000000c3c       0x80 src/sm_watchapp.c.23.o
 .text.notif_find_my_iphone
                0x0000000000000cbc       0x44 src/sm_watchapp.c.23.o
 .text.bluetoothChanged
                0x0000000000000d00       0xa0 src/sm_watchapp.c.23.o
                0x0000000000000d00                bluetoothChanged
 .text.letter2digit
                0x0000000000000da0       0x4c src/sm_watchapp.c.23.o
                0x0000000000000da0                letter2digit
 .text.string2number.constprop.6
                0x0000000000000dec       0x9c src/sm_watchapp.c.23.o
 .text.apptDisplay
                0x0000000000000e88      0x498 src/sm_watchapp.c.23.o
 .text.rcv      0x0000000000001320      0x620 src/sm_watchapp.c.23.o
                0x0000000000001320                rcv
 .text.handle_second_tick
                0x0000000000001940      0x1a0 src/sm_watchapp.c.23.o
                0x0000000000001940                handle_second_tick
 .text.sm_message_out_get
                0x0000000000001ae0       0x34 src/sm_watchapp.c.23.o
                0x0000000000001ae0                sm_message_out_get
 .text.sendCommand
                0x0000000000001b14       0x1e src/sm_watchapp.c.23.o
                0x0000000000001b14                sendCommand
 *fill*         0x0000000000001b32        0x2 
 .text.play_pause_action
                0x0000000000001b34       0x6c src/sm_watchapp.c.23.o
 .text.volume_increase
                0x0000000000001ba0        0x8 src/sm_watchapp.c.23.o
 .text.next_track_action
                0x0000000000001ba8       0x3c src/sm_watchapp.c.23.o
 .text.volume_decrease
                0x0000000000001be4        0x8 src/sm_watchapp.c.23.o
 .text.call_siri
                0x0000000000001bec        0x8 src/sm_watchapp.c.23.o
 .text.find_my_iphone
                0x0000000000001bf4       0x20 src/sm_watchapp.c.23.o
 .text.updateMusic
                0x0000000000001c14        0x8 src/sm_watchapp.c.23.o
 .text.updateCalendar
                0x0000000000001c1c        0x8 src/sm_watchapp.c.23.o
 .text.updateWeather
                0x0000000000001c24        0x8 src/sm_watchapp.c.23.o
 .text.sendCommandInt
                0x0000000000001c2c       0x1e src/sm_watchapp.c.23.o
                0x0000000000001c2c                sendCommandInt
 .text.window_disappear
                0x0000000000001c4a        0xa src/sm_watchapp.c.23.o
 .text.window_appear
                0x0000000000001c54        0xa src/sm_watchapp.c.23.o
 *fill*         0x0000000000001c5e        0x2 
 .text.reconnect
                0x0000000000001c60       0x28 src/sm_watchapp.c.23.o
                0x0000000000001c60                reconnect
 .text.startup.main
                0x0000000000001c88      0xdb0 src/sm_watchapp.c.23.o
                0x0000000000001c88                main
 .text.animation_schedule
                0x0000000000002a38        0xc /Users/alexandrejouandin/pebble-dev/PebbleSDK-2.0.1/Pebble/lib/libpebble.a(tmpziGGmipebble.o)
                0x0000000000002a38                animation_schedule
 .text.app_event_loop
                0x0000000000002a44        0xc /Users/alexandrejouandin/pebble-dev/PebbleSDK-2.0.1/Pebble/lib/libpebble.a(tmpziGGmipebble.o)
                0x0000000000002a44                app_event_loop
 .text.app_log  0x0000000000002a50        0xc /Users/alexandrejouandin/pebble-dev/PebbleSDK-2.0.1/Pebble/lib/libpebble.a(tmpziGGmipebble.o)
                0x0000000000002a50                app_log
 .text.app_message_deregister_callbacks
                0x0000000000002a5c        0xc /Users/alexandrejouandin/pebble-dev/PebbleSDK-2.0.1/Pebble/lib/libpebble.a(tmpziGGmipebble.o)
                0x0000000000002a5c                app_message_deregister_callbacks
 .text.app_message_open
                0x0000000000002a68        0xc /Users/alexandrejouandin/pebble-dev/PebbleSDK-2.0.1/Pebble/lib/libpebble.a(tmpziGGmipebble.o)
                0x0000000000002a68                app_message_open
 .text.app_timer_cancel
                0x0000000000002a74        0xc /Users/alexandrejouandin/pebble-dev/PebbleSDK-2.0.1/Pebble/lib/libpebble.a(tmpziGGmipebble.o)
                0x0000000000002a74                app_timer_cancel
 .text.app_timer_register
                0x0000000000002a80        0xc /Users/alexandrejouandin/pebble-dev/PebbleSDK-2.0.1/Pebble/lib/libpebble.a(tmpziGGmipebble.o)
                0x0000000000002a80                app_timer_register
 .text.battery_state_service_peek
                0x0000000000002a8c        0xc /Users/alexandrejouandin/pebble-dev/PebbleSDK-2.0.1/Pebble/lib/libpebble.a(tmpziGGmipebble.o)
                0x0000000000002a8c                battery_state_service_peek
 .text.battery_state_service_subscribe
                0x0000000000002a98        0xc /Users/alexandrejouandin/pebble-dev/PebbleSDK-2.0.1/Pebble/lib/libpebble.a(tmpziGGmipebble.o)
                0x0000000000002a98                battery_state_service_subscribe
 .text.battery_state_service_unsubscribe
                0x0000000000002aa4        0xc /Users/alexandrejouandin/pebble-dev/PebbleSDK-2.0.1/Pebble/lib/libpebble.a(tmpziGGmipebble.o)
                0x0000000000002aa4                battery_state_service_unsubscribe
 .text.bitmap_layer_create
                0x0000000000002ab0        0xc /Users/alexandrejouandin/pebble-dev/PebbleSDK-2.0.1/Pebble/lib/libpebble.a(tmpziGGmipebble.o)
                0x0000000000002ab0                bitmap_layer_create
 .text.bitmap_layer_destroy
                0x0000000000002abc        0xc /Users/alexandrejouandin/pebble-dev/PebbleSDK-2.0.1/Pebble/lib/libpebble.a(tmpziGGmipebble.o)
                0x0000000000002abc                bitmap_layer_destroy
 .text.bitmap_layer_get_layer
                0x0000000000002ac8        0xc /Users/alexandrejouandin/pebble-dev/PebbleSDK-2.0.1/Pebble/lib/libpebble.a(tmpziGGmipebble.o)
                0x0000000000002ac8                bitmap_layer_get_layer
 .text.bitmap_layer_set_bitmap
                0x0000000000002ad4        0xc /Users/alexandrejouandin/pebble-dev/PebbleSDK-2.0.1/Pebble/lib/libpebble.a(tmpziGGmipebble.o)
                0x0000000000002ad4                bitmap_layer_set_bitmap
 .text.bluetooth_connection_service_peek
                0x0000000000002ae0        0xc /Users/alexandrejouandin/pebble-dev/PebbleSDK-2.0.1/Pebble/lib/libpebble.a(tmpziGGmipebble.o)
                0x0000000000002ae0                bluetooth_connection_service_peek
 .text.bluetooth_connection_service_subscribe
                0x0000000000002aec        0xc /Users/alexandrejouandin/pebble-dev/PebbleSDK-2.0.1/Pebble/lib/libpebble.a(tmpziGGmipebble.o)
                0x0000000000002aec                bluetooth_connection_service_subscribe
 .text.bluetooth_connection_service_unsubscribe
                0x0000000000002af8        0xc /Users/alexandrejouandin/pebble-dev/PebbleSDK-2.0.1/Pebble/lib/libpebble.a(tmpziGGmipebble.o)
                0x0000000000002af8                bluetooth_connection_service_unsubscribe
 .text.clock_is_24h_style
                0x0000000000002b04        0xc /Users/alexandrejouandin/pebble-dev/PebbleSDK-2.0.1/Pebble/lib/libpebble.a(tmpziGGmipebble.o)
                0x0000000000002b04                clock_is_24h_style
 .text.dict_find
                0x0000000000002b10        0xc /Users/alexandrejouandin/pebble-dev/PebbleSDK-2.0.1/Pebble/lib/libpebble.a(tmpziGGmipebble.o)
                0x0000000000002b10                dict_find
 .text.dict_write_int32
                0x0000000000002b1c        0xc /Users/alexandrejouandin/pebble-dev/PebbleSDK-2.0.1/Pebble/lib/libpebble.a(tmpziGGmipebble.o)
                0x0000000000002b1c                dict_write_int32
 .text.dict_write_int8
                0x0000000000002b28        0xc /Users/alexandrejouandin/pebble-dev/PebbleSDK-2.0.1/Pebble/lib/libpebble.a(tmpziGGmipebble.o)
                0x0000000000002b28                dict_write_int8
 .text.fonts_get_system_font
                0x0000000000002b34        0xc /Users/alexandrejouandin/pebble-dev/PebbleSDK-2.0.1/Pebble/lib/libpebble.a(tmpziGGmipebble.o)
                0x0000000000002b34                fonts_get_system_font
 .text.fonts_load_custom_font
                0x0000000000002b40        0xc /Users/alexandrejouandin/pebble-dev/PebbleSDK-2.0.1/Pebble/lib/libpebble.a(tmpziGGmipebble.o)
                0x0000000000002b40                fonts_load_custom_font
 .text.fonts_unload_custom_font
                0x0000000000002b4c        0xc /Users/alexandrejouandin/pebble-dev/PebbleSDK-2.0.1/Pebble/lib/libpebble.a(tmpziGGmipebble.o)
                0x0000000000002b4c                fonts_unload_custom_font
 .text.free     0x0000000000002b58        0xc /Users/alexandrejouandin/pebble-dev/PebbleSDK-2.0.1/Pebble/lib/libpebble.a(tmpziGGmipebble.o)
                0x0000000000002b58                free
 .text.gbitmap_create_with_resource
                0x0000000000002b64        0xc /Users/alexandrejouandin/pebble-dev/PebbleSDK-2.0.1/Pebble/lib/libpebble.a(tmpziGGmipebble.o)
                0x0000000000002b64                gbitmap_create_with_resource
 .text.gbitmap_destroy
                0x0000000000002b70        0xc /Users/alexandrejouandin/pebble-dev/PebbleSDK-2.0.1/Pebble/lib/libpebble.a(tmpziGGmipebble.o)
                0x0000000000002b70                gbitmap_destroy
 .text.graphics_context_set_fill_color
                0x0000000000002b7c        0xc /Users/alexandrejouandin/pebble-dev/PebbleSDK-2.0.1/Pebble/lib/libpebble.a(tmpziGGmipebble.o)
                0x0000000000002b7c                graphics_context_set_fill_color
 .text.graphics_context_set_stroke_color
                0x0000000000002b88        0xc /Users/alexandrejouandin/pebble-dev/PebbleSDK-2.0.1/Pebble/lib/libpebble.a(tmpziGGmipebble.o)
                0x0000000000002b88                graphics_context_set_stroke_color
 .text.graphics_fill_rect
                0x0000000000002b94        0xc /Users/alexandrejouandin/pebble-dev/PebbleSDK-2.0.1/Pebble/lib/libpebble.a(tmpziGGmipebble.o)
                0x0000000000002b94                graphics_fill_rect
 .text.layer_add_child
                0x0000000000002ba0        0xc /Users/alexandrejouandin/pebble-dev/PebbleSDK-2.0.1/Pebble/lib/libpebble.a(tmpziGGmipebble.o)
                0x0000000000002ba0                layer_add_child
 .text.layer_create
                0x0000000000002bac        0xc /Users/alexandrejouandin/pebble-dev/PebbleSDK-2.0.1/Pebble/lib/libpebble.a(tmpziGGmipebble.o)
                0x0000000000002bac                layer_create
 .text.layer_destroy
                0x0000000000002bb8        0xc /Users/alexandrejouandin/pebble-dev/PebbleSDK-2.0.1/Pebble/lib/libpebble.a(tmpziGGmipebble.o)
                0x0000000000002bb8                layer_destroy
 .text.layer_get_bounds
                0x0000000000002bc4        0xc /Users/alexandrejouandin/pebble-dev/PebbleSDK-2.0.1/Pebble/lib/libpebble.a(tmpziGGmipebble.o)
                0x0000000000002bc4                layer_get_bounds
 .text.layer_get_frame
                0x0000000000002bd0        0xc /Users/alexandrejouandin/pebble-dev/PebbleSDK-2.0.1/Pebble/lib/libpebble.a(tmpziGGmipebble.o)
                0x0000000000002bd0                layer_get_frame
 .text.layer_mark_dirty
                0x0000000000002bdc        0xc /Users/alexandrejouandin/pebble-dev/PebbleSDK-2.0.1/Pebble/lib/libpebble.a(tmpziGGmipebble.o)
                0x0000000000002bdc                layer_mark_dirty
 .text.layer_set_frame
                0x0000000000002be8        0xc /Users/alexandrejouandin/pebble-dev/PebbleSDK-2.0.1/Pebble/lib/libpebble.a(tmpziGGmipebble.o)
                0x0000000000002be8                layer_set_frame
 .text.layer_set_hidden
                0x0000000000002bf4        0xc /Users/alexandrejouandin/pebble-dev/PebbleSDK-2.0.1/Pebble/lib/libpebble.a(tmpziGGmipebble.o)
                0x0000000000002bf4                layer_set_hidden
 .text.layer_set_update_proc
                0x0000000000002c00        0xc /Users/alexandrejouandin/pebble-dev/PebbleSDK-2.0.1/Pebble/lib/libpebble.a(tmpziGGmipebble.o)
                0x0000000000002c00                layer_set_update_proc
 .text.light_enable
                0x0000000000002c0c        0xc /Users/alexandrejouandin/pebble-dev/PebbleSDK-2.0.1/Pebble/lib/libpebble.a(tmpziGGmipebble.o)
                0x0000000000002c0c                light_enable
 .text.localtime
                0x0000000000002c18        0xc /Users/alexandrejouandin/pebble-dev/PebbleSDK-2.0.1/Pebble/lib/libpebble.a(tmpziGGmipebble.o)
                0x0000000000002c18                localtime
 .text.malloc   0x0000000000002c24        0xc /Users/alexandrejouandin/pebble-dev/PebbleSDK-2.0.1/Pebble/lib/libpebble.a(tmpziGGmipebble.o)
                0x0000000000002c24                malloc
 .text.memcpy   0x0000000000002c30        0xc /Users/alexandrejouandin/pebble-dev/PebbleSDK-2.0.1/Pebble/lib/libpebble.a(tmpziGGmipebble.o)
                0x0000000000002c30                memcpy
 .text.memmove  0x0000000000002c3c        0xc /Users/alexandrejouandin/pebble-dev/PebbleSDK-2.0.1/Pebble/lib/libpebble.a(tmpziGGmipebble.o)
                0x0000000000002c3c                memmove
 .text.property_animation_create_layer_frame
                0x0000000000002c48        0xc /Users/alexandrejouandin/pebble-dev/PebbleSDK-2.0.1/Pebble/lib/libpebble.a(tmpziGGmipebble.o)
                0x0000000000002c48                property_animation_create_layer_frame
 .text.property_animation_destroy
                0x0000000000002c54        0xc /Users/alexandrejouandin/pebble-dev/PebbleSDK-2.0.1/Pebble/lib/libpebble.a(tmpziGGmipebble.o)
                0x0000000000002c54                property_animation_destroy
 .text.resource_get_handle
                0x0000000000002c60        0xc /Users/alexandrejouandin/pebble-dev/PebbleSDK-2.0.1/Pebble/lib/libpebble.a(tmpziGGmipebble.o)
                0x0000000000002c60                resource_get_handle
 .text.snprintf
                0x0000000000002c6c        0xc /Users/alexandrejouandin/pebble-dev/PebbleSDK-2.0.1/Pebble/lib/libpebble.a(tmpziGGmipebble.o)
                0x0000000000002c6c                snprintf
 .text.strcat   0x0000000000002c78        0xc /Users/alexandrejouandin/pebble-dev/PebbleSDK-2.0.1/Pebble/lib/libpebble.a(tmpziGGmipebble.o)
                0x0000000000002c78                strcat
 .text.strcpy   0x0000000000002c84        0xc /Users/alexandrejouandin/pebble-dev/PebbleSDK-2.0.1/Pebble/lib/libpebble.a(tmpziGGmipebble.o)
                0x0000000000002c84                strcpy
 .text.strftime
                0x0000000000002c90        0xc /Users/alexandrejouandin/pebble-dev/PebbleSDK-2.0.1/Pebble/lib/libpebble.a(tmpziGGmipebble.o)
                0x0000000000002c90                strftime
 .text.strlen   0x0000000000002c9c        0xc /Users/alexandrejouandin/pebble-dev/PebbleSDK-2.0.1/Pebble/lib/libpebble.a(tmpziGGmipebble.o)
                0x0000000000002c9c                strlen
 .text.strncmp  0x0000000000002ca8        0xc /Users/alexandrejouandin/pebble-dev/PebbleSDK-2.0.1/Pebble/lib/libpebble.a(tmpziGGmipebble.o)
                0x0000000000002ca8                strncmp
 .text.strncpy  0x0000000000002cb4        0xc /Users/alexandrejouandin/pebble-dev/PebbleSDK-2.0.1/Pebble/lib/libpebble.a(tmpziGGmipebble.o)
                0x0000000000002cb4                strncpy
 .text.text_layer_create
                0x0000000000002cc0        0xc /Users/alexandrejouandin/pebble-dev/PebbleSDK-2.0.1/Pebble/lib/libpebble.a(tmpziGGmipebble.o)
                0x0000000000002cc0                text_layer_create
 .text.text_layer_destroy
                0x0000000000002ccc        0xc /Users/alexandrejouandin/pebble-dev/PebbleSDK-2.0.1/Pebble/lib/libpebble.a(tmpziGGmipebble.o)
                0x0000000000002ccc                text_layer_destroy
 .text.text_layer_get_layer
                0x0000000000002cd8        0xc /Users/alexandrejouandin/pebble-dev/PebbleSDK-2.0.1/Pebble/lib/libpebble.a(tmpziGGmipebble.o)
                0x0000000000002cd8                text_layer_get_layer
 .text.text_layer_set_background_color
                0x0000000000002ce4        0xc /Users/alexandrejouandin/pebble-dev/PebbleSDK-2.0.1/Pebble/lib/libpebble.a(tmpziGGmipebble.o)
                0x0000000000002ce4                text_layer_set_background_color
 .text.text_layer_set_font
                0x0000000000002cf0        0xc /Users/alexandrejouandin/pebble-dev/PebbleSDK-2.0.1/Pebble/lib/libpebble.a(tmpziGGmipebble.o)
                0x0000000000002cf0                text_layer_set_font
 .text.text_layer_set_text
                0x0000000000002cfc        0xc /Users/alexandrejouandin/pebble-dev/PebbleSDK-2.0.1/Pebble/lib/libpebble.a(tmpziGGmipebble.o)
                0x0000000000002cfc                text_layer_set_text
 .text.text_layer_set_text_alignment
                0x0000000000002d08        0xc /Users/alexandrejouandin/pebble-dev/PebbleSDK-2.0.1/Pebble/lib/libpebble.a(tmpziGGmipebble.o)
                0x0000000000002d08                text_layer_set_text_alignment
 .text.text_layer_set_text_color
                0x0000000000002d14        0xc /Users/alexandrejouandin/pebble-dev/PebbleSDK-2.0.1/Pebble/lib/libpebble.a(tmpziGGmipebble.o)
                0x0000000000002d14                text_layer_set_text_color
 .text.tick_timer_service_subscribe
                0x0000000000002d20        0xc /Users/alexandrejouandin/pebble-dev/PebbleSDK-2.0.1/Pebble/lib/libpebble.a(tmpziGGmipebble.o)
                0x0000000000002d20                tick_timer_service_subscribe
 .text.tick_timer_service_unsubscribe
                0x0000000000002d2c        0xc /Users/alexandrejouandin/pebble-dev/PebbleSDK-2.0.1/Pebble/lib/libpebble.a(tmpziGGmipebble.o)
                0x0000000000002d2c                tick_timer_service_unsubscribe
 .text.time     0x0000000000002d38        0xc /Users/alexandrejouandin/pebble-dev/PebbleSDK-2.0.1/Pebble/lib/libpebble.a(tmpziGGmipebble.o)
                0x0000000000002d38                time
 .text.vibes_long_pulse
                0x0000000000002d44        0xc /Users/alexandrejouandin/pebble-dev/PebbleSDK-2.0.1/Pebble/lib/libpebble.a(tmpziGGmipebble.o)
                0x0000000000002d44                vibes_long_pulse
 .text.vibes_short_pulse
                0x0000000000002d50        0xc /Users/alexandrejouandin/pebble-dev/PebbleSDK-2.0.1/Pebble/lib/libpebble.a(tmpziGGmipebble.o)
                0x0000000000002d50                vibes_short_pulse
 .text.window_create
                0x0000000000002d5c        0xc /Users/alexandrejouandin/pebble-dev/PebbleSDK-2.0.1/Pebble/lib/libpebble.a(tmpziGGmipebble.o)
                0x0000000000002d5c                window_create
 .text.window_destroy
                0x0000000000002d68        0xc /Users/alexandrejouandin/pebble-dev/PebbleSDK-2.0.1/Pebble/lib/libpebble.a(tmpziGGmipebble.o)
                0x0000000000002d68                window_destroy
 .text.window_get_root_layer
                0x0000000000002d74        0xc /Users/alexandrejouandin/pebble-dev/PebbleSDK-2.0.1/Pebble/lib/libpebble.a(tmpziGGmipebble.o)
                0x0000000000002d74                window_get_root_layer
 .text.window_set_click_config_provider
                0x0000000000002d80        0xc /Users/alexandrejouandin/pebble-dev/PebbleSDK-2.0.1/Pebble/lib/libpebble.a(tmpziGGmipebble.o)
                0x0000000000002d80                window_set_click_config_provider
 .text.window_set_fullscreen
                0x0000000000002d8c        0xc /Users/alexandrejouandin/pebble-dev/PebbleSDK-2.0.1/Pebble/lib/libpebble.a(tmpziGGmipebble.o)
                0x0000000000002d8c                window_set_fullscreen
 .text.window_set_window_handlers
                0x0000000000002d98        0xc /Users/alexandrejouandin/pebble-dev/PebbleSDK-2.0.1/Pebble/lib/libpebble.a(tmpziGGmipebble.o)
                0x0000000000002d98                window_set_window_handlers
 .text.window_stack_push
                0x0000000000002da4        0xc /Users/alexandrejouandin/pebble-dev/PebbleSDK-2.0.1/Pebble/lib/libpebble.a(tmpziGGmipebble.o)
                0x0000000000002da4                window_stack_push
 .text.app_message_inbox_size_maximum
                0x0000000000002db0        0xc /Users/alexandrejouandin/pebble-dev/PebbleSDK-2.0.1/Pebble/lib/libpebble.a(tmpziGGmipebble.o)
                0x0000000000002db0                app_message_inbox_size_maximum
 .text.app_message_outbox_begin
                0x0000000000002dbc        0xc /Users/alexandrejouandin/pebble-dev/PebbleSDK-2.0.1/Pebble/lib/libpebble.a(tmpziGGmipebble.o)
                0x0000000000002dbc                app_message_outbox_begin
 .text.app_message_outbox_send
                0x0000000000002dc8        0xc /Users/alexandrejouandin/pebble-dev/PebbleSDK-2.0.1/Pebble/lib/libpebble.a(tmpziGGmipebble.o)
                0x0000000000002dc8                app_message_outbox_send
 .text.app_message_outbox_size_maximum
                0x0000000000002dd4        0xc /Users/alexandrejouandin/pebble-dev/PebbleSDK-2.0.1/Pebble/lib/libpebble.a(tmpziGGmipebble.o)
                0x0000000000002dd4                app_message_outbox_size_maximum
 .text.app_message_register_inbox_received
                0x0000000000002de0        0xc /Users/alexandrejouandin/pebble-dev/PebbleSDK-2.0.1/Pebble/lib/libpebble.a(tmpziGGmipebble.o)
                0x0000000000002de0                app_message_register_inbox_received
 .text.window_long_click_subscribe
                0x0000000000002dec        0xc /Users/alexandrejouandin/pebble-dev/PebbleSDK-2.0.1/Pebble/lib/libpebble.a(tmpziGGmipebble.o)
                0x0000000000002dec                window_long_click_subscribe
 .text.window_single_click_subscribe
                0x0000000000002df8        0xc /Users/alexandrejouandin/pebble-dev/PebbleSDK-2.0.1/Pebble/lib/libpebble.a(tmpziGGmipebble.o)
                0x0000000000002df8                window_single_click_subscribe
 *(.rodata)
 .rodata        0x0000000000002e04       0xb8 src/sm_watchapp.c.23.o
 *(.rodata*)
 .rodata.days_per_month
                0x0000000000002ebc       0x30 src/sm_watchapp.c.23.o
 .rodata.WEATHER_IMG_IDS
                0x0000000000002eec       0x24 src/sm_watchapp.c.23.o
                0x0000000000002eec                WEATHER_IMG_IDS
 .rodata.str1.1
                0x0000000000002f10      0x849 src/sm_watchapp.c.23.o
                                        0x850 (size before relaxing)

.glue_7         0x000000000000375c        0x0
 .glue_7        0x0000000000000000        0x0 linker stubs

.glue_7t        0x000000000000375c        0x0
 .glue_7t       0x0000000000000000        0x0 linker stubs

.vfp11_veneer   0x000000000000375c        0x0
 .vfp11_veneer  0x0000000000000000        0x0 linker stubs

.v4_bx          0x000000000000375c        0x0
 .v4_bx         0x0000000000000000        0x0 linker stubs

.iplt           0x000000000000375c        0x0
 .iplt          0x0000000000000000        0x0 /Users/alexandrejouandin/pebble-dev/PebbleSDK-2.0.1/arm-cs-tools/bin/../lib/gcc/arm-none-eabi/4.7.2/thumb2/crtbegin.o

.rel.dyn        0x000000000000375c        0x0
 .rel.iplt      0x0000000000000000        0x0 /Users/alexandrejouandin/pebble-dev/PebbleSDK-2.0.1/arm-cs-tools/bin/../lib/gcc/arm-none-eabi/4.7.2/thumb2/crtbegin.o
 .rel.got       0x0000000000000000        0x0 /Users/alexandrejouandin/pebble-dev/PebbleSDK-2.0.1/arm-cs-tools/bin/../lib/gcc/arm-none-eabi/4.7.2/thumb2/crtbegin.o

.data           0x000000000000375c       0xac
 *(.data)
 .data          0x000000000000375c        0x0 /Users/alexandrejouandin/pebble-dev/PebbleSDK-2.0.1/arm-cs-tools/bin/../lib/gcc/arm-none-eabi/4.7.2/thumb2/crti.o
 .data          0x000000000000375c        0x4 /Users/alexandrejouandin/pebble-dev/PebbleSDK-2.0.1/arm-cs-tools/bin/../lib/gcc/arm-none-eabi/4.7.2/thumb2/crtbegin.o
                0x000000000000375c                __dso_handle
 .data          0x0000000000003760       0x10 src/sm_watchapp.c.23.o
 .data          0x0000000000003770        0x0 appinfo.auto.c.23.o
 .data          0x0000000000003770        0x0 /Users/alexandrejouandin/pebble-dev/PebbleSDK-2.0.1/Pebble/lib/libpebble.a(tmpziGGmipebble.o)
 .data          0x0000000000003770        0x0 /Users/alexandrejouandin/pebble-dev/PebbleSDK-2.0.1/arm-cs-tools/bin/../lib/gcc/arm-none-eabi/4.7.2/thumb2/libgcc.a(_arm_addsubdf3.o)
 .data          0x0000000000003770        0x0 /Users/alexandrejouandin/pebble-dev/PebbleSDK-2.0.1/arm-cs-tools/bin/../lib/gcc/arm-none-eabi/4.7.2/thumb2/libgcc.a(_arm_muldivdf3.o)
 .data          0x0000000000003770        0x0 /Users/alexandrejouandin/pebble-dev/PebbleSDK-2.0.1/arm-cs-tools/bin/../lib/gcc/arm-none-eabi/4.7.2/thumb2/libgcc.a(_arm_fixdfsi.o)
 .data          0x0000000000003770        0x0 /Users/alexandrejouandin/pebble-dev/PebbleSDK-2.0.1/arm-cs-tools/bin/../lib/gcc/arm-none-eabi/4.7.2/thumb2/crtend.o
 .data          0x0000000000003770        0x0 /Users/alexandrejouandin/pebble-dev/PebbleSDK-2.0.1/arm-cs-tools/bin/../lib/gcc/arm-none-eabi/4.7.2/thumb2/crtn.o
 *(.data.*)
 .data.rel.ro.local.before_after
                0x0000000000003770        0x8 src/sm_watchapp.c.23.o
 .data.unit.6536
                0x0000000000003778        0x4 src/sm_watchapp.c.23.o
 .data.stringBuffer.6547
                0x000000000000377c        0x3 src/sm_watchapp.c.23.o
 *fill*         0x000000000000377f        0x1 
 .data.last_run_minute
                0x0000000000003780        0x4 src/sm_watchapp.c.23.o
 .data.digit.6535
                0x0000000000003784        0x4 src/sm_watchapp.c.23.o
 .data.seconds_text.6659
                0x0000000000003788        0x3 src/sm_watchapp.c.23.o
 *fill*         0x000000000000378b        0x1 
 .data.rel.ro.local.days_from_today
                0x000000000000378c       0x10 src/sm_watchapp.c.23.o
 .data.last_text
                0x000000000000379c        0x9 src/sm_watchapp.c.23.o
 .data.date_text.6662
                0x00000000000037a5        0xc src/sm_watchapp.c.23.o
 .data.time_text.6660
                0x00000000000037b1        0x6 src/sm_watchapp.c.23.o
 *fill*         0x00000000000037b7        0x1 
 .data.s_sequence_number
                0x00000000000037b8        0x4 src/sm_watchapp.c.23.o
 .data.rel.ro.local.day_of_week
                0x00000000000037bc       0x1c src/sm_watchapp.c.23.o
 .data.rel.ro.local.month_of_year
                0x00000000000037d8       0x30 src/sm_watchapp.c.23.o

.igot.plt       0x0000000000003808        0x0
 .igot.plt      0x0000000000000000        0x0 /Users/alexandrejouandin/pebble-dev/PebbleSDK-2.0.1/arm-cs-tools/bin/../lib/gcc/arm-none-eabi/4.7.2/thumb2/crtbegin.o

.got            0x0000000000003808       0x20
 .got           0x0000000000003808       0x20 /Users/alexandrejouandin/pebble-dev/PebbleSDK-2.0.1/arm-cs-tools/bin/../lib/gcc/arm-none-eabi/4.7.2/thumb2/crtbegin.o

.got.plt        0x0000000000003828        0xc
 .got.plt       0x0000000000003828        0xc /Users/alexandrejouandin/pebble-dev/PebbleSDK-2.0.1/arm-cs-tools/bin/../lib/gcc/arm-none-eabi/4.7.2/thumb2/crtbegin.o
                0x0000000000003828                _GLOBAL_OFFSET_TABLE_

.bss            0x0000000000003834      0x588
 *(.bss)
 *(.bss.*)
 .bss.Watch_Face_Initialized
                0x0000000000003834        0x1 src/sm_watchapp.c.23.o
 *fill*         0x0000000000003835        0x3 
 .bss.timerUpdateMusic
                0x0000000000003838        0x4 src/sm_watchapp.c.23.o
 .bss.animated_layer
                0x000000000000383c        0x8 src/sm_watchapp.c.23.o
 .bss.num_chars.6738
                0x0000000000003844        0x4 src/sm_watchapp.c.23.o
 .bss.music_artist_layer
                0x0000000000003848        0x4 src/sm_watchapp.c.23.o
 .bss.hideMusicLayer
                0x000000000000384c        0x4 src/sm_watchapp.c.23.o
 .bss.weather_temp_str
                0x0000000000003850        0x5 src/sm_watchapp.c.23.o
 *fill*         0x0000000000003855        0x3 
 .bss.days_difference.6551
                0x0000000000003858        0x4 src/sm_watchapp.c.23.o
 .bss.month_int.6664
                0x000000000000385c        0x4 src/sm_watchapp.c.23.o
 .bss.text_pebble_battery_layer
                0x0000000000003860        0x4 src/sm_watchapp.c.23.o
 .bss.window    0x0000000000003864        0x4 src/sm_watchapp.c.23.o
 .bss.text_date_layer
                0x0000000000003868        0x4 src/sm_watchapp.c.23.o
 .bss.weather_image
                0x000000000000386c        0x4 src/sm_watchapp.c.23.o
 .bss.calendar_text_layer
                0x0000000000003870        0x4 src/sm_watchapp.c.23.o
 .bss.batteryPercent
                0x0000000000003874        0x4 src/sm_watchapp.c.23.o
 .bss.num_chars.6737
                0x0000000000003878        0x4 src/sm_watchapp.c.23.o
 .bss.music_title_str1
                0x000000000000387c        0x4 src/sm_watchapp.c.23.o
 .bss.time_string.6545
                0x0000000000003880       0x14 src/sm_watchapp.c.23.o
 .bss.music_song_layer
                0x0000000000003894        0x4 src/sm_watchapp.c.23.o
 .bss.letter.6537
                0x0000000000003898        0x1 src/sm_watchapp.c.23.o
 *fill*         0x0000000000003899        0x3 
 .bss.ani_in    0x000000000000389c        0x4 src/sm_watchapp.c.23.o
 .bss.text_phone_layer
                0x00000000000038a0        0x4 src/sm_watchapp.c.23.o
 .bss.weather_img
                0x00000000000038a4        0x4 src/sm_watchapp.c.23.o
 .bss.phone_is_connected
                0x00000000000038a8        0x1 src/sm_watchapp.c.23.o
 *fill*         0x00000000000038a9        0x3 
 .bss.text_sms_layer
                0x00000000000038ac        0x4 src/sm_watchapp.c.23.o
 .bss.calendar_date_str
                0x00000000000038b0        0x4 src/sm_watchapp.c.23.o
 .bss.music_artist_str1
                0x00000000000038b4       0xff src/sm_watchapp.c.23.o
 *fill*         0x00000000000039b3        0x1 
 .bss.background_image
                0x00000000000039b4        0x4 src/sm_watchapp.c.23.o
 .bss.ani_out   0x00000000000039b8        0x4 src/sm_watchapp.c.23.o
 .bss.time_format.6661
                0x00000000000039bc        0x4 src/sm_watchapp.c.23.o
 .bss.text_seconds_layer
                0x00000000000039c0        0x4 src/sm_watchapp.c.23.o
 .bss.active_layer
                0x00000000000039c4        0x4 src/sm_watchapp.c.23.o
 .bss.text_weather_cond_layer
                0x00000000000039c8        0x4 src/sm_watchapp.c.23.o
 .bss.sms_count_str
                0x00000000000039cc        0x5 src/sm_watchapp.c.23.o
 .bss.date_time_for_appt.6546
                0x00000000000039d1       0x32 src/sm_watchapp.c.23.o
 .bss.weather_cond_str
                0x0000000000003a03       0xff src/sm_watchapp.c.23.o
 *fill*         0x0000000000003b02        0x2 
 .bss.text_weather_temp_layer
                0x0000000000003b04        0x4 src/sm_watchapp.c.23.o
 .bss.text_battery_layer
                0x0000000000003b08        0x4 src/sm_watchapp.c.23.o
 .bss.calendar_text_str
                0x0000000000003b0c       0xff src/sm_watchapp.c.23.o
 *fill*         0x0000000000003c0b        0x1 
 .bss.timerUpdateCalendar
                0x0000000000003c0c        0x4 src/sm_watchapp.c.23.o
 .bss.battery_image_layer
                0x0000000000003c10        0x4 src/sm_watchapp.c.23.o
 .bss.status_layer
                0x0000000000003c14        0x4 src/sm_watchapp.c.23.o
 .bss.batteryPblPercent
                0x0000000000003c18        0x4 src/sm_watchapp.c.23.o
 .bss.general_Timer
                0x0000000000003c1c        0x4 src/sm_watchapp.c.23.o
 .bss.battery_pbl_layer
                0x0000000000003c20        0x4 src/sm_watchapp.c.23.o
 .bss.mail_count_str
                0x0000000000003c24        0x5 src/sm_watchapp.c.23.o
 *fill*         0x0000000000003c29        0x3 
 .bss.weather_layer
                0x0000000000003c2c        0x4 src/sm_watchapp.c.23.o
 .bss.timerUpdateWeather
                0x0000000000003c30        0x4 src/sm_watchapp.c.23.o
 .bss.calendar_date_layer
                0x0000000000003c34        0x4 src/sm_watchapp.c.23.o
 .bss.battery_pbl_image_layer
                0x0000000000003c38        0x4 src/sm_watchapp.c.23.o
 .bss.text_mail_layer
                0x0000000000003c3c        0x4 src/sm_watchapp.c.23.o
 .bss.pbl_batt_text.6652
                0x0000000000003c40        0x3 src/sm_watchapp.c.23.o
 .bss.date_of_appt.6544
                0x0000000000003c43       0x1e src/sm_watchapp.c.23.o
 *fill*         0x0000000000003c61        0x3 
 .bss.day_int.6663
                0x0000000000003c64        0x4 src/sm_watchapp.c.23.o
 .bss.string_buffer
                0x0000000000003c68       0xff src/sm_watchapp.c.23.o
 *fill*         0x0000000000003d67        0x1 
 .bss.text_time_layer
                0x0000000000003d68        0x4 src/sm_watchapp.c.23.o
 .bss.battery_layer
                0x0000000000003d6c        0x4 src/sm_watchapp.c.23.o
 .bss.offset.6534
                0x0000000000003d70        0x4 src/sm_watchapp.c.23.o
 .bss.phone_count_str
                0x0000000000003d74        0x5 src/sm_watchapp.c.23.o
 *fill*         0x0000000000003d79        0x3 
 COMMON         0x0000000000003d7c       0x40 src/sm_watchapp.c.23.o
                0x0000000000003d7c                battery_image
                0x0000000000003d80                font_secs
                0x0000000000003d84                weather_status_imgs
                0x0000000000003da8                font_date
                0x0000000000003dac                battery_pbl_image
                0x0000000000003db0                font_time
                0x0000000000003db4                appointment
                0x0000000000003db8                bg_image

DISCARD
 libc.a(*)
 libm.a(*)
 libgcc.a(*)
 *(.eh_frame)
OUTPUT(/Users/alexandrejouandin/Documents/GitHub/jay-Status/build/pebble-app.elf elf32-littlearm)

.ARM.attributes
                0x0000000000000000       0x27
 .ARM.attributes
                0x0000000000000000       0x19 /Users/alexandrejouandin/pebble-dev/PebbleSDK-2.0.1/arm-cs-tools/bin/../lib/gcc/arm-none-eabi/4.7.2/thumb2/crti.o
 .ARM.attributes
                0x0000000000000019       0x29 /Users/alexandrejouandin/pebble-dev/PebbleSDK-2.0.1/arm-cs-tools/bin/../lib/gcc/arm-none-eabi/4.7.2/thumb2/crtbegin.o
 .ARM.attributes
                0x0000000000000042       0x33 src/sm_watchapp.c.23.o
 .ARM.attributes
                0x0000000000000075       0x33 appinfo.auto.c.23.o
 .ARM.attributes
                0x00000000000000a8       0x21 /Users/alexandrejouandin/pebble-dev/PebbleSDK-2.0.1/Pebble/lib/libpebble.a(tmpziGGmipebble.o)
 .ARM.attributes
                0x00000000000000c9       0x19 /Users/alexandrejouandin/pebble-dev/PebbleSDK-2.0.1/arm-cs-tools/bin/../lib/gcc/arm-none-eabi/4.7.2/thumb2/libgcc.a(_arm_addsubdf3.o)
 .ARM.attributes
                0x00000000000000e2       0x19 /Users/alexandrejouandin/pebble-dev/PebbleSDK-2.0.1/arm-cs-tools/bin/../lib/gcc/arm-none-eabi/4.7.2/thumb2/libgcc.a(_arm_muldivdf3.o)
 .ARM.attributes
                0x00000000000000fb       0x19 /Users/alexandrejouandin/pebble-dev/PebbleSDK-2.0.1/arm-cs-tools/bin/../lib/gcc/arm-none-eabi/4.7.2/thumb2/libgcc.a(_arm_fixdfsi.o)
 .ARM.attributes
                0x0000000000000114       0x29 /Users/alexandrejouandin/pebble-dev/PebbleSDK-2.0.1/arm-cs-tools/bin/../lib/gcc/arm-none-eabi/4.7.2/thumb2/crtend.o
 .ARM.attributes
                0x000000000000013d       0x19 /Users/alexandrejouandin/pebble-dev/PebbleSDK-2.0.1/arm-cs-tools/bin/../lib/gcc/arm-none-eabi/4.7.2/thumb2/crtn.o

.comment        0x0000000000000000       0x4e
 .comment       0x0000000000000000       0x4e /Users/alexandrejouandin/pebble-dev/PebbleSDK-2.0.1/arm-cs-tools/bin/../lib/gcc/arm-none-eabi/4.7.2/thumb2/crtbegin.o
                                         0x4f (size before relaxing)
 .comment       0x0000000000000000       0x4f src/sm_watchapp.c.23.o
 .comment       0x0000000000000000       0x4f appinfo.auto.c.23.o
 .comment       0x0000000000000000       0x4f /Users/alexandrejouandin/pebble-dev/PebbleSDK-2.0.1/arm-cs-tools/bin/../lib/gcc/arm-none-eabi/4.7.2/thumb2/crtend.o

.debug_info     0x0000000000000000     0x4bfe
 .debug_info    0x0000000000000000     0x4651 src/sm_watchapp.c.23.o
 .debug_info    0x0000000000004651      0x382 appinfo.auto.c.23.o
 .debug_info    0x00000000000049d3       0xb9 /Users/alexandrejouandin/pebble-dev/PebbleSDK-2.0.1/arm-cs-tools/bin/../lib/gcc/arm-none-eabi/4.7.2/thumb2/libgcc.a(_arm_addsubdf3.o)
 .debug_info    0x0000000000004a8c       0xb9 /Users/alexandrejouandin/pebble-dev/PebbleSDK-2.0.1/arm-cs-tools/bin/../lib/gcc/arm-none-eabi/4.7.2/thumb2/libgcc.a(_arm_muldivdf3.o)
 .debug_info    0x0000000000004b45       0xb9 /Users/alexandrejouandin/pebble-dev/PebbleSDK-2.0.1/arm-cs-tools/bin/../lib/gcc/arm-none-eabi/4.7.2/thumb2/libgcc.a(_arm_fixdfsi.o)

.debug_abbrev   0x0000000000000000      0x65e
 .debug_abbrev  0x0000000000000000      0x577 src/sm_watchapp.c.23.o
 .debug_abbrev  0x0000000000000577       0xab appinfo.auto.c.23.o
 .debug_abbrev  0x0000000000000622       0x14 /Users/alexandrejouandin/pebble-dev/PebbleSDK-2.0.1/arm-cs-tools/bin/../lib/gcc/arm-none-eabi/4.7.2/thumb2/libgcc.a(_arm_addsubdf3.o)
 .debug_abbrev  0x0000000000000636       0x14 /Users/alexandrejouandin/pebble-dev/PebbleSDK-2.0.1/arm-cs-tools/bin/../lib/gcc/arm-none-eabi/4.7.2/thumb2/libgcc.a(_arm_muldivdf3.o)
 .debug_abbrev  0x000000000000064a       0x14 /Users/alexandrejouandin/pebble-dev/PebbleSDK-2.0.1/arm-cs-tools/bin/../lib/gcc/arm-none-eabi/4.7.2/thumb2/libgcc.a(_arm_fixdfsi.o)

.debug_loc      0x0000000000000000      0xf65
 .debug_loc     0x0000000000000000      0xf65 src/sm_watchapp.c.23.o

.debug_aranges  0x0000000000000000      0x1a8
 .debug_aranges
                0x0000000000000000      0x130 src/sm_watchapp.c.23.o
 .debug_aranges
                0x0000000000000130       0x18 appinfo.auto.c.23.o
 .debug_aranges
                0x0000000000000148       0x20 /Users/alexandrejouandin/pebble-dev/PebbleSDK-2.0.1/arm-cs-tools/bin/../lib/gcc/arm-none-eabi/4.7.2/thumb2/libgcc.a(_arm_addsubdf3.o)
 .debug_aranges
                0x0000000000000168       0x20 /Users/alexandrejouandin/pebble-dev/PebbleSDK-2.0.1/arm-cs-tools/bin/../lib/gcc/arm-none-eabi/4.7.2/thumb2/libgcc.a(_arm_muldivdf3.o)
 .debug_aranges
                0x0000000000000188       0x20 /Users/alexandrejouandin/pebble-dev/PebbleSDK-2.0.1/arm-cs-tools/bin/../lib/gcc/arm-none-eabi/4.7.2/thumb2/libgcc.a(_arm_fixdfsi.o)

.debug_ranges   0x0000000000000000      0x1e0
 .debug_ranges  0x0000000000000000      0x1e0 src/sm_watchapp.c.23.o

.debug_line     0x0000000000000000      0xf02
 .debug_line    0x0000000000000000      0x918 src/sm_watchapp.c.23.o
 .debug_line    0x0000000000000918      0x134 appinfo.auto.c.23.o
 .debug_line    0x0000000000000a4c      0x20a /Users/alexandrejouandin/pebble-dev/PebbleSDK-2.0.1/arm-cs-tools/bin/../lib/gcc/arm-none-eabi/4.7.2/thumb2/libgcc.a(_arm_addsubdf3.o)
 .debug_line    0x0000000000000c56      0x226 /Users/alexandrejouandin/pebble-dev/PebbleSDK-2.0.1/arm-cs-tools/bin/../lib/gcc/arm-none-eabi/4.7.2/thumb2/libgcc.a(_arm_muldivdf3.o)
 .debug_line    0x0000000000000e7c       0x86 /Users/alexandrejouandin/pebble-dev/PebbleSDK-2.0.1/arm-cs-tools/bin/../lib/gcc/arm-none-eabi/4.7.2/thumb2/libgcc.a(_arm_fixdfsi.o)

.debug_str      0x0000000000000000     0x1b4c
 .debug_str     0x0000000000000000     0x19fd src/sm_watchapp.c.23.o
                                       0x1b50 (size before relaxing)
 .debug_str     0x00000000000019fd      0x14f appinfo.auto.c.23.o
                                        0x431 (size before relaxing)

.debug_frame    0x0000000000000000      0x388
 .debug_frame   0x0000000000000000      0x388 src/sm_watchapp.c.23.o
